Component: ARM Compiler 5.05 update 1 (build 106) Tool: armlink [4d0efa]

==============================================================================

Section Cross References

    startup_rvmdk.o(RESET) refers to startup_rvmdk.o(STACK) for StackMem
    startup_rvmdk.o(RESET) refers to uart.o(i.UART2_Int_Handler) for UART2_Int_Handler
    startup_rvmdk.o(RESET) refers to entry.o(.ARM.Collect$$$$00000000) for __main
    lcd.o(i.Address_set) refers to lcd.o(i.lcd_write_command) for lcd_write_command
    lcd.o(i.Address_set) refers to lcd.o(i.lcd_write_data) for lcd_write_data
    lcd.o(i.Address_set1121) refers to lcd.o(i.lcd_write_command) for lcd_write_command
    lcd.o(i.Address_set1121) refers to lcd.o(i.lcd_write_data) for lcd_write_data
    lcd.o(i.LCD_Clear) refers to lcd.o(i.lcd_write_command) for lcd_write_command
    lcd.o(i.LCD_Clear) refers to lcd.o(i.lcd_write_data) for lcd_write_data
    lcd.o(i.LCD_DrawLine) refers to lcd.o(i.Address_set) for Address_set
    lcd.o(i.LCD_DrawLine) refers to lcd.o(i.lcd_write_data) for lcd_write_data
    lcd.o(i.LCD_DrawLine) refers to lcd.o(.data) for .data
    lcd.o(i.LCD_DrawPoint) refers to lcd.o(i.Address_set) for Address_set
    lcd.o(i.LCD_DrawPoint) refers to lcd.o(i.lcd_write_data) for lcd_write_data
    lcd.o(i.LCD_DrawPoint) refers to lcd.o(.data) for .data
    lcd.o(i.LCD_DrawRectangle) refers to lcd.o(i.LCD_DrawLine) for LCD_DrawLine
    lcd.o(i.LCD_SetCursor) refers to lcd.o(i.lcd_write_command) for lcd_write_command
    lcd.o(i.LCD_SetCursor) refers to lcd.o(i.lcd_write_data) for lcd_write_data
    lcd.o(i.LCD_SetCursor) refers to lcd.o(.bss) for .bss
    lcd.o(i.LCD_ShowChar) refers to lcd.o(i.Address_set) for Address_set
    lcd.o(i.LCD_ShowChar) refers to lcd.o(i.lcd_write_data) for lcd_write_data
    lcd.o(i.LCD_ShowChar) refers to lcd.o(.data) for .data
    lcd.o(i.LCD_ShowString) refers to lcd.o(i.LCD_ShowChar) for LCD_ShowChar
    lcd.o(i.LCD_WR_REG_DATA) refers to lcd.o(i.lcd_write_command) for lcd_write_command
    lcd.o(i.LCD_WR_REG_DATA) refers to lcd.o(i.lcd_write_data) for lcd_write_data
    lcd.o(i.LCD_WriteRAM_Prepare) refers to lcd.o(i.lcd_write_command) for lcd_write_command
    lcd.o(i.LCD_WriteRAM_Prepare) refers to lcd.o(.bss) for .bss
    lcd.o(i.lcd_get_control) refers to lcd.o(i.lcd_write_command) for lcd_write_command
    lcd.o(i.lcd_init) refers to lcd.o(i.lcd_write_command) for lcd_write_command
    lcd.o(i.lcd_init) refers to lcd.o(i.lcd_write_data) for lcd_write_data
    lcd.o(i.lcd_init) refers to lcd.o(.bss) for .bss
    uart.o(i.InitConsole) refers to sysctl.o(i.SysCtlPeripheralEnable) for SysCtlPeripheralEnable
    uart.o(i.InitConsole) refers to gpio.o(i.GPIOPinConfigure) for GPIOPinConfigure
    uart.o(i.InitConsole) refers to gpio.o(i.GPIOPinTypeUART) for GPIOPinTypeUART
    uart.o(i.InitConsole) refers to uartstdio.o(i.UARTStdioInit) for UARTStdioInit
    uart.o(i.RFID_Test) refers to uart.o(.data) for .data
    uart.o(i.RFID_Test) refers to uart.o(.bss) for .bss
    uart.o(i.UART2_Int_Config) refers to uart.o(i.UARTFIFOLevelSet) for UARTFIFOLevelSet
    uart.o(i.UART2_Int_Config) refers to uart.o(i.UARTIntRegister) for UARTIntRegister
    uart.o(i.UART2_Int_Config) refers to uart.o(i.UARTIntEnable) for UARTIntEnable
    uart.o(i.UART2_Int_Config) refers to uart.o(i.UART2_Int_Handler) for UART2_Int_Handler
    uart.o(i.UART2_Int_Handler) refers to interrupt.o(i.IntMasterDisable) for IntMasterDisable
    uart.o(i.UART2_Int_Handler) refers to uart.o(i.UARTIntStatus) for UARTIntStatus
    uart.o(i.UART2_Int_Handler) refers to uart.o(i.UARTIntClear) for UARTIntClear
    uart.o(i.UART2_Int_Handler) refers to uart.o(i.UARTCharGet) for UARTCharGet
    uart.o(i.UART2_Int_Handler) refers to uartstdio.o(i.UARTprintf) for UARTprintf
    uart.o(i.UART2_Int_Handler) refers to lcd.o(i.LCD_ShowString) for LCD_ShowString
    uart.o(i.UART2_Int_Handler) refers to interrupt.o(i.IntMasterEnable) for IntMasterEnable
    uart.o(i.UART2_Int_Handler) refers to uart.o(.bss) for .bss
    uart.o(i.UART2_Int_Handler) refers to uart.o(.data) for .data
    key.o(i.KEY_Init) refers to gpio.o(i.GPIOPadConfigSet) for GPIOPadConfigSet
    key.o(i.KEY_Init) refers to gpio.o(i.GPIODirModeSet) for GPIODirModeSet
    key.o(i.KEY_Test) refers to pcf8574.o(i.PCF8574_Single_WriteI2C) for PCF8574_Single_WriteI2C
    key.o(i.KEY_Test) refers to pcf8574.o(i.PCF8574_Single_ReadI2C) for PCF8574_Single_ReadI2C
    key.o(i.KEY_Test) refers to key.o(.data) for .data
    uartstdio.o(i.UARTStdioInit) refers to uartstdio.o(i.UARTStdioInitExpClk) for UARTStdioInitExpClk
    uartstdio.o(i.UARTStdioInitExpClk) refers to uartstdio.o(.constdata) for .constdata
    uartstdio.o(i.UARTStdioInitExpClk) refers to uartstdio.o(.data) for .data
    uartstdio.o(i.UARTgetc) refers to uartstdio.o(.data) for .data
    uartstdio.o(i.UARTgets) refers to uartstdio.o(i.UARTwrite) for UARTwrite
    uartstdio.o(i.UARTgets) refers to uartstdio.o(.data) for .data
[...]
    sysctl.o(i.SysCtlIntUnregister) refers to interrupt.o(i.IntUnregister) for IntUnregister
    sysctl.o(i.SysCtlPeripheralDeepSleepDisable) refers to sysctl.o(.constdata) for .constdata
    sysctl.o(i.SysCtlPeripheralDeepSleepEnable) refers to sysctl.o(.constdata) for .constdata
    sysctl.o(i.SysCtlPeripheralDisable) refers to sysctl.o(.constdata) for .constdata
    sysctl.o(i.SysCtlPeripheralEnable) refers to sysctl.o(.constdata) for .constdata
    sysctl.o(i.SysCtlPeripheralPowerOff) refers to sysctl.o(.constdata) for .constdata
    sysctl.o(i.SysCtlPeripheralPowerOn) refers to sysctl.o(.constdata) for .constdata
    sysctl.o(i.SysCtlPeripheralPresent) refers to sysctl.o(.constdata) for .constdata
    sysctl.o(i.SysCtlPeripheralReady) refers to sysctl.o(.constdata) for .constdata
    sysctl.o(i.SysCtlPeripheralReset) refers to sysctl.o(.constdata) for .constdata
    sysctl.o(i.SysCtlPeripheralSleepDisable) refers to sysctl.o(.constdata) for .constdata
    sysctl.o(i.SysCtlPeripheralSleepEnable) refers to sysctl.o(.constdata) for .constdata
    sysctl.o(i.SysCtlSleep) refers to cpu.o(.emb_text) for CPUwfi
    uart.o(i.UARTIntRegister) refers to interrupt.o(i.IntRegister) for IntRegister
    uart.o(i.UARTIntRegister) refers to interrupt.o(i.IntEnable) for IntEnable
    uart.o(i.UARTIntRegister) refers to uart.o(.constdata) for .constdata
    uart.o(i.UARTIntUnregister) refers to interrupt.o(i.IntDisable) for IntDisable
    uart.o(i.UARTIntUnregister) refers to interrupt.o(i.IntUnregister) for IntUnregister
    uart.o(i.UARTIntUnregister) refers to uart.o(.constdata) for .constdata
    pow.o(i.__hardfp_pow) refers (Special) to iusefp.o(.text) for __I$use$fp
    pow.o(i.__hardfp_pow) refers to dunder.o(i.__mathlib_dbl_infnan2) for __mathlib_dbl_infnan2
    pow.o(i.__hardfp_pow) refers to errno.o(i.__set_errno) for __set_errno
    pow.o(i.__hardfp_pow) refers to dunder.o(i.__mathlib_dbl_divzero) for __mathlib_dbl_divzero
    pow.o(i.__hardfp_pow) refers to dunder.o(i.__mathlib_dbl_overflow) for __mathlib_dbl_overflow
    pow.o(i.__hardfp_pow) refers to ddiv.o(.text) for __aeabi_ddiv
    pow.o(i.__hardfp_pow) refers to sqrt.o(i.sqrt) for sqrt
    pow.o(i.__hardfp_pow) refers to fabs.o(i.fabs) for fabs
    pow.o(i.__hardfp_pow) refers to dunder.o(i.__mathlib_dbl_invalid) for __mathlib_dbl_invalid
    pow.o(i.__hardfp_pow) refers to dunder.o(i.__mathlib_dbl_underflow) for __mathlib_dbl_underflow
    pow.o(i.__hardfp_pow) refers to dadd.o(.text) for __aeabi_dsub
    pow.o(i.__hardfp_pow) refers to dmul.o(.text) for __aeabi_dmul
    pow.o(i.__hardfp_pow) refers to qnan.o(.constdata) for __mathlib_zero
    pow.o(i.__hardfp_pow) refers to poly.o(i.__kernel_poly) for __kernel_poly
    pow.o(i.__hardfp_pow) refers to dflti.o(.text) for __aeabi_i2d
    pow.o(i.__hardfp_pow) refers to pow.o(.constdata) for .constdata
    pow.o(i.__hardfp_pow) refers to cdrcmple.o(.text) for __aeabi_cdrcmple
    pow.o(i.__hardfp_pow) refers to dscalb.o(.text) for __ARM_scalbn
    pow.o(i.__hardfp_pow) refers to fpclassify.o(i.__ARM_fpclassify) for __ARM_fpclassify
    pow.o(i.__softfp_pow) refers (Special) to iusefp.o(.text) for __I$use$fp
    pow.o(i.__softfp_pow) refers to pow.o(i.__hardfp_pow) for __hardfp_pow
    pow.o(i.pow) refers (Special) to iusefp.o(.text) for __I$use$fp
    pow.o(i.pow) refers to pow.o(i.__hardfp_pow) for __hardfp_pow
    pow.o(.constdata) refers (Special) to iusefp.o(.text) for __I$use$fp
    pow_x.o(i.____hardfp_pow$lsc) refers (Special) to iusefp.o(.text) for __I$use$fp
    pow_x.o(i.____hardfp_pow$lsc) refers to dunder.o(i.__mathlib_dbl_infnan2) for __mathlib_dbl_infnan2
    pow_x.o(i.____hardfp_pow$lsc) refers to errno.o(i.__set_errno) for __set_errno
    pow_x.o(i.____hardfp_pow$lsc) refers to ddiv.o(.text) for __aeabi_ddiv
    pow_x.o(i.____hardfp_pow$lsc) refers to sqrt.o(i.sqrt) for sqrt
    pow_x.o(i.____hardfp_pow$lsc) refers to fabs.o(i.fabs) for fabs
    pow_x.o(i.____hardfp_pow$lsc) refers to dflti.o(.text) for __aeabi_i2d
    pow_x.o(i.____hardfp_pow$lsc) refers to dadd.o(.text) for __aeabi_dsub
    pow_x.o(i.____hardfp_pow$lsc) refers to dmul.o(.text) for __aeabi_dmul
    pow_x.o(i.____hardfp_pow$lsc) refers to qnan.o(.constdata) for __mathlib_zero
    pow_x.o(i.____hardfp_pow$lsc) refers to poly.o(i.__kernel_poly) for __kernel_poly
    pow_x.o(i.____hardfp_pow$lsc) refers to pow_x.o(.constdata) for .constdata
    pow_x.o(i.____hardfp_pow$lsc) refers to cdrcmple.o(.text) for __aeabi_cdrcmple
    pow_x.o(i.____hardfp_pow$lsc) refers to dscalb.o(.text) for __ARM_scalbn
    pow_x.o(i.____softfp_pow$lsc) refers (Special) to iusefp.o(.text) for __I$use$fp
    pow_x.o(i.____softfp_pow$lsc) refers to pow_x.o(i.____hardfp_pow$lsc) for ____hardfp_pow$lsc
    pow_x.o(i.__pow$lsc) refers (Special) to iusefp.o(.text) for __I$use$fp
    pow_x.o(i.__pow$lsc) refers to pow_x.o(i.____hardfp_pow$lsc) for ____hardfp_pow$lsc
    pow_x.o(.constdata) refers (Special) to iusefp.o(.text) for __I$use$fp
    entry.o(.ARM.Collect$$$$00000000) refers (Special) to entry10a.o(.ARM.Collect$$$$0000000D) for __rt_final_cpp
    entry.o(.ARM.Collect$$$$00000000) refers (Special) to entry11a.o(.ARM.Collect$$$$0000000F) for __rt_final_exit
    entry.o(.ARM.Collect$$$$00000000) refers (Special) to entry7b.o(.ARM.Collect$$$$00000008) for _main_clock
    entry.o(.ARM.Collect$$$$00000000) refers (Special) to entry8b.o(.ARM.Collect$$$$0000000A) for _main_cpp_init
    entry.o(.ARM.Collect$$$$00000000) refers (Special) to entry9a.o(.ARM.Collect$$$$0000000B) for _main_init
    entry.o(.ARM.Collect$$$$00000000) refers (Special) to entry5.o(.ARM.Collect$$$$00000004) for _main_scatterload
    entry.o(.ARM.Collect$$$$00000000) refers (Special) to entry2.o(.ARM.Collect$$$$00000001) for _main_stk
    printfb.o(i.__0fprintf$bare) refers to printfb.o(i._printf_core) for _printf_core
    printfb.o(i.__0fprintf$bare) refers to fputc.o(i.fputc) for fputc
    printfb.o(i.__0printf$bare) refers to printfb.o(i._printf_core) for _printf_core
    printfb.o(i.__0printf$bare) refers to fputc.o(i.fputc) for fputc
    printfb.o(i.__0printf$bare) refers to stdout.o(.data) for __stdout
    printfb.o(i.__0snprintf$bare) refers to printfb.o(i._printf_core) for _printf_core
    printfb.o(i.__0snprintf$bare) refers to printfb.o(i._snputc) for _snputc
    printfb.o(i.__0sprintf$bare) refers to printfb.o(i._printf_core) for _printf_core
    printfb.o(i.__0sprintf$bare) refers to printfb.o(i._sputc) for _sputc
    printfb.o(i.__0vfprintf$bare) refers to printfb.o(i._printf_core) for _printf_core
    printfb.o(i.__0vfprintf$bare) refers to fputc.o(i.fputc) for fputc
    printfb.o(i.__0vprintf$bare) refers to printfb.o(i._printf_core) for _printf_core
    printfb.o(i.__0vprintf$bare) refers to fputc.o(i.fputc) for fputc
    printfb.o(i.__0vprintf$bare) refers to stdout.o(.data) for __stdout
    printfb.o(i.__0vsnprintf$bare) refers to printfb.o(i._printf_core) for _printf_core
    printfb.o(i.__0vsnprintf$bare) refers to printfb.o(i._snputc) for _snputc
    printfb.o(i.__0vsprintf$bare) refers to printfb.o(i._printf_core) for _printf_core
    printfb.o(i.__0vsprintf$bare) refers to printfb.o(i._sputc) for _sputc
    printf0.o(i.__0fprintf$0) refers to printf0.o(i._printf_core) for _printf_core
    printf0.o(i.__0fprintf$0) refers to fputc.o(i.fputc) for fputc
    printf0.o(i.__0printf$0) refers to printf0.o(i._printf_core) for _printf_core
    printf0.o(i.__0printf$0) refers to fputc.o(i.fputc) for fputc
    printf0.o(i.__0printf$0) refers to stdout.o(.data) for __stdout
    printf0.o(i.__0snprintf$0) refers to printf0.o(i._printf_core) for _printf_core
    printf0.o(i.__0snprintf$0) refers to printf0.o(i._snputc) for _snputc
    printf0.o(i.__0sprintf$0) refers to printf0.o(i._printf_core) for _printf_core
    printf0.o(i.__0sprintf$0) refers to printf0.o(i._sputc) for _sputc
    printf0.o(i.__0vfprintf$0) refers to printf0.o(i._printf_core) for _printf_core
    printf0.o(i.__0vfprintf$0) refers to fputc.o(i.fputc) for fputc
    printf0.o(i.__0vprintf$0) refers to printf0.o(i._printf_core) for _printf_core
    printf0.o(i.__0vprintf$0) refers to fputc.o(i.fputc) for fputc
    printf0.o(i.__0vprintf$0) refers to stdout.o(.data) for __stdout
    printf0.o(i.__0vsnprintf$0) refers to printf0.o(i._printf_core) for _printf_core
    printf0.o(i.__0vsnprintf$0) refers to printf0.o(i._snputc) for _snputc
    printf0.o(i.__0vsprintf$0) refers to printf0.o(i._printf_core) for _printf_core
    printf0.o(i.__0vsprintf$0) refers to printf0.o(i._sputc) for _sputc
    printf1.o(i.__0fprintf$1) refers to printf1.o(i._printf_core) for _printf_core
    printf1.o(i.__0fprintf$1) refers to fputc.o(i.fputc) for fputc
    printf1.o(i.__0printf$1) refers to printf1.o(i._printf_core) for _printf_core
    printf1.o(i.__0printf$1) refers to fputc.o(i.fputc) for fputc
    printf1.o(i.__0printf$1) refers to stdout.o(.data) for __stdout
    printf1.o(i.__0snprintf$1) refers to printf1.o(i._printf_core) for _printf_core
    printf1.o(i.__0snprintf$1) refers to printf1.o(i._snputc) for _snputc
    printf1.o(i.__0sprintf$1) refers to printf1.o(i._printf_core) for _printf_core
    printf1.o(i.__0sprintf$1) refers to printf1.o(i._sputc) for _sputc
    printf1.o(i.__0vfprintf$1) refers to printf1.o(i._printf_core) for _printf_core
    printf1.o(i.__0vfprintf$1) refers to fputc.o(i.fputc) for fputc
    printf1.o(i.__0vprintf$1) refers to printf1.o(i._printf_core) for _printf_core
    printf1.o(i.__0vprintf$1) refers to fputc.o(i.fputc) for fputc
    printf1.o(i.__0vprintf$1) refers to stdout.o(.data) for __stdout
    printf1.o(i.__0vsnprintf$1) refers to printf1.o(i._printf_core) for _printf_core
    printf1.o(i.__0vsnprintf$1) refers to printf1.o(i._snputc) for _snputc
    printf1.o(i.__0vsprintf$1) refers to printf1.o(i._printf_core) for _printf_core
    printf1.o(i.__0vsprintf$1) refers to printf1.o(i._sputc) for _sputc
    printf1.o(i._printf_core) refers to uidiv.o(.text) for __aeabi_uidivmod
    printf2.o(i.__0fprintf$2) refers to printf2.o(i._printf_core) for _printf_core
    printf2.o(i.__0fprintf$2) refers to fputc.o(i.fputc) for fputc
    printf2.o(i.__0printf$2) refers to printf2.o(i._printf_core) for _printf_core
    printf2.o(i.__0printf$2) refers to fputc.o(i.fputc) for fputc
    printf2.o(i.__0printf$2) refers to stdout.o(.data) for __stdout
    printf2.o(i.__0snprintf$2) refers to printf2.o(i._printf_core) for _printf_core
    printf2.o(i.__0snprintf$2) refers to printf2.o(i._snputc) for _snputc
    printf2.o(i.__0sprintf$2) refers to printf2.o(i._printf_core) for _printf_core
    printf2.o(i.__0sprintf$2) refers to printf2.o(i._sputc) for _sputc
    printf2.o(i.__0vfprintf$2) refers to printf2.o(i._printf_core) for _printf_core
    printf2.o(i.__0vfprintf$2) refers to fputc.o(i.fputc) for fputc
    printf2.o(i.__0vprintf$2) refers to printf2.o(i._printf_core) for _printf_core
    printf2.o(i.__0vprintf$2) refers to fputc.o(i.fputc) for fputc
    printf2.o(i.__0vprintf$2) refers to stdout.o(.data) for __stdout
    printf2.o(i.__0vsnprintf$2) refers to printf2.o(i._printf_core) for _printf_core
    printf2.o(i.__0vsnprintf$2) refers to printf2.o(i._snputc) for _snputc
    printf2.o(i.__0vsprintf$2) refers to printf2.o(i._printf_core) for _printf_core
    printf2.o(i.__0vsprintf$2) refers to printf2.o(i._sputc) for _sputc
    printf3.o(i.__0fprintf$3) refers to printf3.o(i._printf_core) for _printf_core
    printf3.o(i.__0fprintf$3) refers to fputc.o(i.fputc) for fputc
    printf3.o(i.__0printf$3) refers to printf3.o(i._printf_core) for _printf_core
    printf3.o(i.__0printf$3) refers to fputc.o(i.fputc) for fputc
    printf3.o(i.__0printf$3) refers to stdout.o(.data) for __stdout
    printf3.o(i.__0snprintf$3) refers to printf3.o(i._printf_core) for _printf_core
    printf3.o(i.__0snprintf$3) refers to printf3.o(i._snputc) for _snputc
    printf3.o(i.__0sprintf$3) refers to printf3.o(i._printf_core) for _printf_core
    printf3.o(i.__0sprintf$3) refers to printf3.o(i._sputc) for _sputc
    printf3.o(i.__0vfprintf$3) refers to printf3.o(i._printf_core) for _printf_core
    printf3.o(i.__0vfprintf$3) refers to fputc.o(i.fputc) for fputc
    printf3.o(i.__0vprintf$3) refers to printf3.o(i._printf_core) for _printf_core
    printf3.o(i.__0vprintf$3) refers to fputc.o(i.fputc) for fputc
    printf3.o(i.__0vprintf$3) refers to stdout.o(.data) for __stdout
    printf3.o(i.__0vsnprintf$3) refers to printf3.o(i._printf_core) for _printf_core
    printf3.o(i.__0vsnprintf$3) refers to printf3.o(i._snputc) for _snputc
    printf3.o(i.__0vsprintf$3) refers to printf3.o(i._printf_core) for _printf_core
    printf3.o(i.__0vsprintf$3) refers to printf3.o(i._sputc) for _sputc
    printf3.o(i._printf_core) refers to uidiv.o(.text) for __aeabi_uidivmod
    printf4.o(i.__0fprintf$4) refers to printf4.o(i._printf_core) for _printf_core
    printf4.o(i.__0fprintf$4) refers to fputc.o(i.fputc) for fputc
    printf4.o(i.__0printf$4) refers to printf4.o(i._printf_core) for _printf_core
    printf4.o(i.__0printf$4) refers to fputc.o(i.fputc) for fputc
    printf4.o(i.__0printf$4) refers to stdout.o(.data) for __stdout
    printf4.o(i.__0snprintf$4) refers to printf4.o(i._printf_core) for _printf_core
    printf4.o(i.__0snprintf$4) refers to printf4.o(i._snputc) for _snputc
    printf4.o(i.__0sprintf$4) refers to printf4.o(i._printf_core) for _printf_core
    printf4.o(i.__0sprintf$4) refers to printf4.o(i._sputc) for _sputc
    printf4.o(i.__0vfprintf$4) refers to printf4.o(i._printf_core) for _printf_core
    printf4.o(i.__0vfprintf$4) refers to fputc.o(i.fputc) for fputc
    printf4.o(i.__0vprintf$4) refers to printf4.o(i._printf_core) for _printf_core
    printf4.o(i.__0vprintf$4) refers to fputc.o(i.fputc) for fputc
    printf4.o(i.__0vprintf$4) refers to stdout.o(.data) for __stdout
    printf4.o(i.__0vsnprintf$4) refers to printf4.o(i._printf_core) for _printf_core
    printf4.o(i.__0vsnprintf$4) refers to printf4.o(i._snputc) for _snputc
    printf4.o(i.__0vsprintf$4) refers to printf4.o(i._printf_core) for _printf_core
    printf4.o(i.__0vsprintf$4) refers to printf4.o(i._sputc) for _sputc
    printf4.o(i._printf_core) refers to uldiv.o(.text) for __aeabi_uldivmod
    printf5.o(i.__0fprintf$5) refers to printf5.o(i._printf_core) for _printf_core
    printf5.o(i.__0fprintf$5) refers to fputc.o(i.fputc) for fputc
    printf5.o(i.__0printf$5) refers to printf5.o(i._printf_core) for _printf_core
    printf5.o(i.__0printf$5) refers to fputc.o(i.fputc) for fputc
    printf5.o(i.__0printf$5) refers to stdout.o(.data) for __stdout
    printf5.o(i.__0snprintf$5) refers to printf5.o(i._printf_core) for _printf_core
    printf5.o(i.__0snprintf$5) refers to printf5.o(i._snputc) for _snputc
    printf5.o(i.__0sprintf$5) refers to printf5.o(i._printf_core) for _printf_core
    printf5.o(i.__0sprintf$5) refers to printf5.o(i._sputc) for _sputc
    printf5.o(i.__0vfprintf$5) refers to printf5.o(i._printf_core) for _printf_core
    printf5.o(i.__0vfprintf$5) refers to fputc.o(i.fputc) for fputc
    printf5.o(i.__0vprintf$5) refers to printf5.o(i._printf_core) for _printf_core
    printf5.o(i.__0vprintf$5) refers to fputc.o(i.fputc) for fputc
    printf5.o(i.__0vprintf$5) refers to stdout.o(.data) for __stdout
    printf5.o(i.__0vsnprintf$5) refers to printf5.o(i._printf_core) for _printf_core
    printf5.o(i.__0vsnprintf$5) refers to printf5.o(i._snputc) for _snputc
    printf5.o(i.__0vsprintf$5) refers to printf5.o(i._printf_core) for _printf_core
    printf5.o(i.__0vsprintf$5) refers to printf5.o(i._sputc) for _sputc
    printf5.o(i._printf_core) refers to uldiv.o(.text) for __aeabi_uldivmod
    printf6.o(i.__0fprintf$6) refers to printf6.o(i._printf_core) for _printf_core
    printf6.o(i.__0fprintf$6) refers to fputc.o(i.fputc) for fputc
    printf6.o(i.__0printf$6) refers to printf6.o(i._printf_core) for _printf_core
    printf6.o(i.__0printf$6) refers to fputc.o(i.fputc) for fputc
    printf6.o(i.__0printf$6) refers to stdout.o(.data) for __stdout
    printf6.o(i.__0snprintf$6) refers to printf6.o(i._printf_core) for _printf_core
    printf6.o(i.__0snprintf$6) refers to printf6.o(i._snputc) for _snputc
    printf6.o(i.__0sprintf$6) refers to printf6.o(i._printf_core) for _printf_core
    printf6.o(i.__0sprintf$6) refers to printf6.o(i._sputc) for _sputc
    printf6.o(i.__0vfprintf$6) refers to printf6.o(i._printf_core) for _printf_core
    printf6.o(i.__0vfprintf$6) refers to fputc.o(i.fputc) for fputc
    printf6.o(i.__0vprintf$6) refers to printf6.o(i._printf_core) for _printf_core
    printf6.o(i.__0vprintf$6) refers to fputc.o(i.fputc) for fputc
    printf6.o(i.__0vprintf$6) refers to stdout.o(.data) for __stdout
    printf6.o(i.__0vsnprintf$6) refers to printf6.o(i._printf_core) for _printf_core
    printf6.o(i.__0vsnprintf$6) refers to printf6.o(i._snputc) for _snputc
    printf6.o(i.__0vsprintf$6) refers to printf6.o(i._printf_core) for _printf_core
    printf6.o(i.__0vsprintf$6) refers to printf6.o(i._sputc) for _sputc
    printf6.o(i._printf_core) refers to printf6.o(i._printf_pre_padding) for _printf_pre_padding
    printf6.o(i._printf_core) refers to uidiv.o(.text) for __aeabi_uidivmod
    printf6.o(i._printf_core) refers to printf6.o(i._printf_post_padding) for _printf_post_padding
    printf7.o(i.__0fprintf$7) refers to printf7.o(i._printf_core) for _printf_core
    printf7.o(i.__0fprintf$7) refers to fputc.o(i.fputc) for fputc
    printf7.o(i.__0printf$7) refers to printf7.o(i._printf_core) for _printf_core
    printf7.o(i.__0printf$7) refers to fputc.o(i.fputc) for fputc
    printf7.o(i.__0printf$7) refers to stdout.o(.data) for __stdout
    printf7.o(i.__0snprintf$7) refers to printf7.o(i._printf_core) for _printf_core
    printf7.o(i.__0snprintf$7) refers to printf7.o(i._snputc) for _snputc
    printf7.o(i.__0sprintf$7) refers to printf7.o(i._printf_core) for _printf_core
    printf7.o(i.__0sprintf$7) refers to printf7.o(i._sputc) for _sputc
    printf7.o(i.__0vfprintf$7) refers to printf7.o(i._printf_core) for _printf_core
    printf7.o(i.__0vfprintf$7) refers to fputc.o(i.fputc) for fputc
    printf7.o(i.__0vprintf$7) refers to printf7.o(i._printf_core) for _printf_core
    printf7.o(i.__0vprintf$7) refers to fputc.o(i.fputc) for fputc
    printf7.o(i.__0vprintf$7) refers to stdout.o(.data) for __stdout
    printf7.o(i.__0vsnprintf$7) refers to printf7.o(i._printf_core) for _printf_core
    printf7.o(i.__0vsnprintf$7) refers to printf7.o(i._snputc) for _snputc
    printf7.o(i.__0vsprintf$7) refers to printf7.o(i._printf_core) for _printf_core
    printf7.o(i.__0vsprintf$7) refers to printf7.o(i._sputc) for _sputc
    printf7.o(i._printf_core) refers to printf7.o(i._printf_pre_padding) for _printf_pre_padding
    printf7.o(i._printf_core) refers to uldiv.o(.text) for __aeabi_uldivmod
    printf7.o(i._printf_core) refers to printf7.o(i._printf_post_padding) for _printf_post_padding
    printf8.o(i.__0fprintf$8) refers to printf8.o(i._printf_core) for _printf_core
    printf8.o(i.__0fprintf$8) refers to fputc.o(i.fputc) for fputc
    printf8.o(i.__0printf$8) refers to printf8.o(i._printf_core) for _printf_core
    printf8.o(i.__0printf$8) refers to fputc.o(i.fputc) for fputc
    printf8.o(i.__0printf$8) refers to stdout.o(.data) for __stdout
    printf8.o(i.__0snprintf$8) refers to printf8.o(i._printf_core) for _printf_core
    printf8.o(i.__0snprintf$8) refers to printf8.o(i._snputc) for _snputc
    printf8.o(i.__0sprintf$8) refers to printf8.o(i._printf_core) for _printf_core
    printf8.o(i.__0sprintf$8) refers to printf8.o(i._sputc) for _sputc
    printf8.o(i.__0vfprintf$8) refers to printf8.o(i._printf_core) for _printf_core
    printf8.o(i.__0vfprintf$8) refers to fputc.o(i.fputc) for fputc
    printf8.o(i.__0vprintf$8) refers to printf8.o(i._printf_core) for _printf_core
    printf8.o(i.__0vprintf$8) refers to fputc.o(i.fputc) for fputc
    printf8.o(i.__0vprintf$8) refers to stdout.o(.data) for __stdout
    printf8.o(i.__0vsnprintf$8) refers to printf8.o(i._printf_core) for _printf_core
    printf8.o(i.__0vsnprintf$8) refers to printf8.o(i._snputc) for _snputc
    printf8.o(i.__0vsprintf$8) refers to printf8.o(i._printf_core) for _printf_core
    printf8.o(i.__0vsprintf$8) refers to printf8.o(i._sputc) for _sputc
    printf8.o(i._printf_core) refers to printf8.o(i._printf_pre_padding) for _printf_pre_padding
    printf8.o(i._printf_core) refers to uldiv.o(.text) for __aeabi_uldivmod
    printf8.o(i._printf_core) refers to printf8.o(i._printf_post_padding) for _printf_post_padding
    printfa.o(i.__0fprintf) refers (Special) to iusefp.o(.text) for __I$use$fp
    printfa.o(i.__0fprintf) refers to printfa.o(i._printf_core) for _printf_core
    printfa.o(i.__0fprintf) refers to fputc.o(i.fputc) for fputc
    printfa.o(i.__0printf) refers (Special) to iusefp.o(.text) for __I$use$fp
    printfa.o(i.__0printf) refers to printfa.o(i._printf_core) for _printf_core
    printfa.o(i.__0printf) refers to fputc.o(i.fputc) for fputc
    printfa.o(i.__0printf) refers to stdout.o(.data) for __stdout
    printfa.o(i.__0snprintf) refers (Special) to iusefp.o(.text) for __I$use$fp
    printfa.o(i.__0snprintf) refers to printfa.o(i._printf_core) for _printf_core
    printfa.o(i.__0snprintf) refers to printfa.o(i._snputc) for _snputc
    printfa.o(i.__0sprintf) refers (Special) to iusefp.o(.text) for __I$use$fp
    printfa.o(i.__0sprintf) refers to printfa.o(i._printf_core) for _printf_core
    printfa.o(i.__0sprintf) refers to printfa.o(i._sputc) for _sputc
    printfa.o(i.__0vfprintf) refers (Special) to iusefp.o(.text) for __I$use$fp
    printfa.o(i.__0vfprintf) refers to printfa.o(i._printf_core) for _printf_core
    printfa.o(i.__0vfprintf) refers to fputc.o(i.fputc) for fputc
    printfa.o(i.__0vprintf) refers (Special) to iusefp.o(.text) for __I$use$fp
    printfa.o(i.__0vprintf) refers to printfa.o(i._printf_core) for _printf_core
    printfa.o(i.__0vprintf) refers to fputc.o(i.fputc) for fputc
    printfa.o(i.__0vprintf) refers to stdout.o(.data) for __stdout
    printfa.o(i.__0vsnprintf) refers (Special) to iusefp.o(.text) for __I$use$fp
    printfa.o(i.__0vsnprintf) refers to printfa.o(i._printf_core) for _printf_core
    printfa.o(i.__0vsnprintf) refers to printfa.o(i._snputc) for _snputc
    printfa.o(i.__0vsprintf) refers (Special) to iusefp.o(.text) for __I$use$fp
    printfa.o(i.__0vsprintf) refers to printfa.o(i._printf_core) for _printf_core
    printfa.o(i.__0vsprintf) refers to printfa.o(i._sputc) for _sputc
    printfa.o(i._fp_digits) refers (Special) to iusefp.o(.text) for __I$use$fp
    printfa.o(i._fp_digits) refers to dmul.o(.text) for __aeabi_dmul
    printfa.o(i._fp_digits) refers to ddiv.o(.text) for __aeabi_ddiv
    printfa.o(i._fp_digits) refers to cdrcmple.o(.text) for __aeabi_cdrcmple
    printfa.o(i._fp_digits) refers to dadd.o(.text) for __aeabi_dadd
    printfa.o(i._fp_digits) refers to dfixul.o(.text) for __aeabi_d2ulz
    printfa.o(i._fp_digits) refers to uldiv.o(.text) for __aeabi_uldivmod
    printfa.o(i._printf_core) refers (Special) to iusefp.o(.text) for __I$use$fp
    printfa.o(i._printf_core) refers to printfa.o(i._printf_pre_padding) for _printf_pre_padding
    printfa.o(i._printf_core) refers to uldiv.o(.text) for __aeabi_uldivmod
    printfa.o(i._printf_core) refers to printfa.o(i._printf_post_padding) for _printf_post_padding
    printfa.o(i._printf_core) refers to printfa.o(i._fp_digits) for _fp_digits
    printfa.o(i._printf_core) refers to uidiv.o(.text) for __aeabi_uidivmod
    printfa.o(i._printf_post_padding) refers (Special) to iusefp.o(.text) for __I$use$fp
    printfa.o(i._printf_pre_padding) refers (Special) to iusefp.o(.text) for __I$use$fp
    printfa.o(i._snputc) refers (Special) to iusefp.o(.text) for __I$use$fp
    printfa.o(i._sputc) refers (Special) to iusefp.o(.text) for __I$use$fp
    dflti.o(.text) refers (Special) to iusefp.o(.text) for __I$use$fp
    dflti.o(.text) refers to depilogue.o(.text) for _double_epilogue
    dfixi.o(.text) refers (Special) to iusefp.o(.text) for __I$use$fp
    dfixi.o(.text) refers to llushr.o(.text) for __aeabi_llsr
    dunder.o(i.__mathlib_dbl_divzero) refers to ddiv.o(.text) for __aeabi_ddiv
    dunder.o(i.__mathlib_dbl_infnan) refers to dadd.o(.text) for __aeabi_dadd
    dunder.o(i.__mathlib_dbl_infnan2) refers to dadd.o(.text) for __aeabi_dadd
    dunder.o(i.__mathlib_dbl_invalid) refers to ddiv.o(.text) for __aeabi_ddiv
    dunder.o(i.__mathlib_dbl_overflow) refers to dmul.o(.text) for __aeabi_dmul
    dunder.o(i.__mathlib_dbl_posinfnan) refers to dmul.o(.text) for __aeabi_dmul
    dunder.o(i.__mathlib_dbl_underflow) refers to dmul.o(.text) for __aeabi_dmul
    fabs.o(i.__hardfp_fabs) refers (Special) to iusefp.o(.text) for __I$use$fp
    fabs.o(i.__softfp_fabs) refers (Special) to iusefp.o(.text) for __I$use$fp
    fabs.o(i.fabs) refers (Special) to iusefp.o(.text) for __I$use$fp
    fpclassify.o(i.__ARM_fpclassify) refers (Special) to iusefp.o(.text) for __I$use$fp
    poly.o(i.__kernel_poly) refers (Special) to iusefp.o(.text) for __I$use$fp
    poly.o(i.__kernel_poly) refers to dmul.o(.text) for __aeabi_dmul
    poly.o(i.__kernel_poly) refers to dadd.o(.text) for __aeabi_dadd
    qnan.o(.constdata) refers (Special) to iusefp.o(.text) for __I$use$fp
    sqrt.o(i.__hardfp_sqrt) refers (Special) to iusefp.o(.text) for __I$use$fp
    sqrt.o(i.__hardfp_sqrt) refers to dsqrt.o(.text) for _dsqrt
    sqrt.o(i.__hardfp_sqrt) refers to errno.o(i.__set_errno) for __set_errno
    sqrt.o(i.__softfp_sqrt) refers (Special) to iusefp.o(.text) for __I$use$fp
    sqrt.o(i.__softfp_sqrt) refers to dsqrt.o(.text) for _dsqrt
    sqrt.o(i.__softfp_sqrt) refers to errno.o(i.__set_errno) for __set_errno
    sqrt.o(i.sqrt) refers (Special) to iusefp.o(.text) for __I$use$fp
    sqrt.o(i.sqrt) refers to dsqrt.o(.text) for _dsqrt
    sqrt.o(i.sqrt) refers to errno.o(i.__set_errno) for __set_errno
    sqrt_x.o(i.____hardfp_sqrt$lsc) refers (Special) to iusefp.o(.text) for __I$use$fp
    sqrt_x.o(i.____hardfp_sqrt$lsc) refers to cdcmple.o(.text) for __aeabi_cdcmple
    sqrt_x.o(i.____hardfp_sqrt$lsc) refers to errno.o(i.__set_errno) for __set_errno
    sqrt_x.o(i.____hardfp_sqrt$lsc) refers to dsqrt.o(.text) for _dsqrt
    sqrt_x.o(i.____softfp_sqrt$lsc) refers (Special) to iusefp.o(.text) for __I$use$fp
    sqrt_x.o(i.____softfp_sqrt$lsc) refers to cdcmple.o(.text) for __aeabi_cdcmple
    sqrt_x.o(i.____softfp_sqrt$lsc) refers to errno.o(i.__set_errno) for __set_errno
    sqrt_x.o(i.____softfp_sqrt$lsc) refers to dsqrt.o(.text) for _dsqrt
    sqrt_x.o(i.__sqrt$lsc) refers (Special) to iusefp.o(.text) for __I$use$fp
    sqrt_x.o(i.__sqrt$lsc) refers to cdcmple.o(.text) for __aeabi_cdcmple
    sqrt_x.o(i.__sqrt$lsc) refers to errno.o(i.__set_errno) for __set_errno
    sqrt_x.o(i.__sqrt$lsc) refers to dsqrt.o(.text) for _dsqrt
    entry2.o(.ARM.Collect$$$$00000001) refers to entry2.o(.ARM.Collect$$$$00002712) for __lit__00000000
    entry2.o(.ARM.Collect$$$$00002712) refers to startup_rvmdk.o(STACK) for __initial_sp
    entry2.o(__vectab_stack_and_reset_area) refers to startup_rvmdk.o(STACK) for __initial_sp
    entry2.o(__vectab_stack_and_reset_area) refers to entry.o(.ARM.Collect$$$$00000000) for __main
    entry5.o(.ARM.Collect$$$$00000004) refers to init.o(.text) for __scatterload
    entry9a.o(.ARM.Collect$$$$0000000B) refers to main.o(i.main) for main
    entry9b.o(.ARM.Collect$$$$0000000C) refers to main.o(i.main) for main
    fputc.o(i.fputc) refers (Special) to iusesemip.o(.text) for __I$use$semihosting$fputc
    fputc.o(i.fputc) refers (Special) to semi.o(.text) for __semihosting_library_function
    uldiv.o(.text) refers to llushr.o(.text) for __aeabi_llsr
    uldiv.o(.text) refers to llshl.o(.text) for __aeabi_llsl
    errno.o(i.__aeabi_errno_addr) refers to errno.o(.data) for .data
    errno.o(i.__read_errno) refers to errno.o(.data) for .data
    errno.o(i.__set_errno) refers to errno.o(.data) for .data
    depilogue.o(.text) refers to llshl.o(.text) for __aeabi_llsl
    depilogue.o(.text) refers to llushr.o(.text) for __aeabi_llsr
    dadd.o(.text) refers to llshl.o(.text) for __aeabi_llsl
    dadd.o(.text) refers to llsshr.o(.text) for __aeabi_lasr
    dadd.o(.text) refers to depilogue.o(.text) for _double_epilogue
    dmul.o(.text) refers to depilogue.o(.text) for _double_epilogue
    ddiv.o(.text) refers to depilogue.o(.text) for _double_round
    dfixul.o(.text) refers to llushr.o(.text) for __aeabi_llsr
    dfixul.o(.text) refers to llshl.o(.text) for __aeabi_llsl
    init.o(.text) refers to entry5.o(.ARM.Collect$$$$00000004) for __main_after_scatterload
    dsqrt.o(.text) refers to llushr.o(.text) for __aeabi_llsr
    dsqrt.o(.text) refers to depilogue.o(.text) for _double_round


==============================================================================

Removing Unused input sections from the image.

    Removing startup_rvmdk.o(HEAP), (0 bytes).
    Removing startup_rvmdk.o(.text), (0 bytes).
    Removing lcd.o(i.Address_set1121), (76 bytes).
    Removing lcd.o(i.LCD_DrawPoint), (28 bytes).
    Removing lcd.o(i.LCD_SetCursor), (628 bytes).
    Removing lcd.o(i.LCD_WR_REG_DATA), (18 bytes).
    Removing lcd.o(i.LCD_WriteRAM_Prepare), (12 bytes).
    Removing lcd.o(i.lcd_backlight_off), (20 bytes).
    Removing lcd.o(i.lcd_backlight_on), (20 bytes).
    Removing lcd.o(i.lcd_get_control), (120 bytes).
    Removing lcd.o(.constdata), (1140 bytes).
    Removing lcd.o(.data), (1 bytes).
    Removing uart.o(i.RFID_Test), (44 bytes).
    Removing uart.o(i.UART2_Int_Config), (52 bytes).
    Removing uart.o(.bss), (10 bytes).
    Removing uart.o(.data), (1 bytes).
    Removing key.o(i.Delay5ms), (10 bytes).
    Removing key.o(i.KEY_Init), (52 bytes).
    Removing key.o(i.KEY_Test), (148 bytes).
    Removing key.o(.data), (2 bytes).
    Removing uartstdio.o(i.UARTgetc), (24 bytes).
    Removing uartstdio.o(i.UARTgets), (188 bytes).
    Removing uartstdio.o(i.UARTwrite), (72 bytes).
    Removing pcf8574.o(i.PCF8574_I2C_RecvByte), (148 bytes).
    Removing pcf8574.o(i.PCF8574_I2C_SendACK), (88 bytes).
    Removing pcf8574.o(i.PCF8574_I2C_delay), (14 bytes).
    Removing pcf8574.o(i.PCF8574_Single_ReadI2C), (40 bytes).
    Removing pcf8574.o(i.PCF8574_delay50us), (10 bytes).
    Removing pcf8574.o(i.PCF8574_delay5ms), (10 bytes).
    Removing pcf8574.o(i.PCF8574_i2c_SDA_input), (36 bytes).
    Removing pcf8574.o(i.PCF8574_i2c_SDA_output), (36 bytes).
    Removing tm1638.o(i.DIO_IN), (36 bytes).
    Removing tm1638.o(i.DIO_OUT), (36 bytes).
    Removing tm1638.o(i.Write_COM), (48 bytes).
    Removing tm1638.o(i.Write_oneLED), (4 bytes).
    Removing tm1638.o(i.delay_tim), (20 bytes).
    Removing main.o(i.Delay), (28 bytes).
    Removing main.o(.data), (4 bytes).
    Removing main.o(.data), (4 bytes).
    Removing main.o(.data), (4 bytes).
    Removing main.o(.data), (4 bytes).
    Removing main.o(.data), (5 bytes).
    Removing main.o(.data), (5 bytes).
    Removing main.o(.data), (5 bytes).
    Removing fpu.o(i.FPUDisable), (16 bytes).
    Removing fpu.o(i.FPUFlushToZeroModeSet), (20 bytes).
    Removing fpu.o(i.FPUHalfPrecisionModeSet), (20 bytes).
    Removing fpu.o(i.FPUNaNModeSet), (20 bytes).
    Removing fpu.o(i.FPURoundingModeSet), (20 bytes).
    Removing fpu.o(i.FPUStackingDisable), (16 bytes).
    Removing fpu.o(i.FPUStackingEnable), (20 bytes).
    Removing gpio.o(i.GPIOADCTriggerDisable), (14 bytes).
    Removing gpio.o(i.GPIOADCTriggerEnable), (14 bytes).
    Removing gpio.o(i.GPIODMATriggerDisable), (14 bytes).
    Removing gpio.o(i.GPIODMATriggerEnable), (14 bytes).
    Removing gpio.o(i.GPIODirModeGet), (34 bytes).
    Removing gpio.o(i.GPIOGetIntNumber), (212 bytes).
    Removing gpio.o(i.GPIOIntTypeGet), (48 bytes).
    Removing gpio.o(i.GPIOIntTypeSet), (58 bytes).
    Removing gpio.o(i.GPIOPadConfigGet), (138 bytes).
    Removing gpio.o(i.GPIOPinIntClear), (6 bytes).
    Removing gpio.o(i.GPIOPinIntDisable), (14 bytes).
    Removing gpio.o(i.GPIOPinIntEnable), (14 bytes).
    Removing gpio.o(i.GPIOPinIntStatus), (14 bytes).
    Removing gpio.o(i.GPIOPinRead), (6 bytes).
    Removing gpio.o(i.GPIOPinTypeADC), (28 bytes).
    Removing gpio.o(i.GPIOPinTypeCAN), (28 bytes).
    Removing gpio.o(i.GPIOPinTypeComparator), (28 bytes).
    Removing gpio.o(i.GPIOPinTypeEPI), (28 bytes).
    Removing gpio.o(i.GPIOPinTypeEthernetLED), (28 bytes).
    Removing gpio.o(i.GPIOPinTypeEthernetMII), (28 bytes).
    Removing gpio.o(i.GPIOPinTypeFan), (28 bytes).
    Removing gpio.o(i.GPIOPinTypeGPIOInput), (28 bytes).
    Removing gpio.o(i.GPIOPinTypeGPIOOutput), (28 bytes).
    Removing gpio.o(i.GPIOPinTypeGPIOOutputOD), (28 bytes).
    Removing gpio.o(i.GPIOPinTypeI2C), (28 bytes).
    Removing gpio.o(i.GPIOPinTypeI2CSCL), (72 bytes).
    Removing gpio.o(i.GPIOPinTypeI2S), (28 bytes).
    Removing gpio.o(i.GPIOPinTypeLPC), (28 bytes).
    Removing gpio.o(i.GPIOPinTypePECIRx), (28 bytes).
    Removing gpio.o(i.GPIOPinTypePECITx), (28 bytes).
    Removing gpio.o(i.GPIOPinTypePWM), (28 bytes).
    Removing gpio.o(i.GPIOPinTypeQEI), (28 bytes).
    Removing gpio.o(i.GPIOPinTypeSSI), (28 bytes).
    Removing gpio.o(i.GPIOPinTypeTimer), (28 bytes).
    Removing gpio.o(i.GPIOPinTypeUSBAnalog), (28 bytes).
    Removing gpio.o(i.GPIOPinTypeUSBDigital), (28 bytes).
    Removing gpio.o(i.GPIOPinWrite), (6 bytes).
    Removing gpio.o(i.GPIOPortIntRegister), (26 bytes).
    Removing gpio.o(i.GPIOPortIntUnregister), (22 bytes).
    Removing interrupt.o(i.IntDefaultHandler), (2 bytes).
    Removing interrupt.o(i.IntDisable), (100 bytes).
    Removing interrupt.o(i.IntEnable), (100 bytes).
    Removing interrupt.o(i.IntPendClear), (68 bytes).
    Removing interrupt.o(i.IntPendSet), (84 bytes).
    Removing interrupt.o(i.IntPriorityGet), (28 bytes).
    Removing interrupt.o(i.IntPriorityGroupingGet), (40 bytes).
    Removing interrupt.o(i.IntPriorityGroupingSet), (28 bytes).
    Removing interrupt.o(i.IntPriorityMaskGet), (4 bytes).
    Removing interrupt.o(i.IntPriorityMaskSet), (4 bytes).
    Removing interrupt.o(i.IntPrioritySet), (40 bytes).
    Removing interrupt.o(i.IntRegister), (52 bytes).
    Removing interrupt.o(i.IntUnregister), (20 bytes).
    Removing interrupt.o(.constdata), (260 bytes).
    Removing interrupt.o(vtable), (620 bytes).
    Removing sysctl.o(i.SysCtlADCSpeedGet), (16 bytes).
    Removing sysctl.o(i.SysCtlADCSpeedSet), (32 bytes).
    Removing sysctl.o(i.SysCtlBrownOutConfigSet), (16 bytes).
    Removing sysctl.o(i.SysCtlClkVerificationClear), (20 bytes).
    Removing sysctl.o(i.SysCtlClockGet), (560 bytes).
    Removing sysctl.o(i.SysCtlDeepSleep), (32 bytes).
    Removing sysctl.o(i.SysCtlDeepSleepClockSet), (12 bytes).
    Removing sysctl.o(i.SysCtlFlashSizeGet), (20 bytes).
    Removing sysctl.o(i.SysCtlGPIOAHBDisable), (20 bytes).
    Removing sysctl.o(i.SysCtlGPIOAHBEnable), (16 bytes).
    Removing sysctl.o(i.SysCtlI2SMClkSet), (216 bytes).
    Removing sysctl.o(i.SysCtlIOSCVerificationSet), (24 bytes).
    Removing sysctl.o(i.SysCtlIntClear), (12 bytes).
    Removing sysctl.o(i.SysCtlIntDisable), (16 bytes).
    Removing sysctl.o(i.SysCtlIntEnable), (16 bytes).
    Removing sysctl.o(i.SysCtlIntRegister), (20 bytes).
    Removing sysctl.o(i.SysCtlIntStatus), (16 bytes).
    Removing sysctl.o(i.SysCtlIntUnregister), (18 bytes).
    Removing sysctl.o(i.SysCtlLDOConfigSet), (12 bytes).
    Removing sysctl.o(i.SysCtlLDOGet), (12 bytes).
    Removing sysctl.o(i.SysCtlLDOSet), (12 bytes).
    Removing sysctl.o(i.SysCtlMOSCConfigSet), (12 bytes).
    Removing sysctl.o(i.SysCtlMOSCVerificationSet), (24 bytes).
    Removing sysctl.o(i.SysCtlPIOSCCalibrate), (76 bytes).
    Removing sysctl.o(i.SysCtlPLLVerificationSet), (24 bytes).
    Removing sysctl.o(i.SysCtlPWMClockGet), (24 bytes).
    Removing sysctl.o(i.SysCtlPWMClockSet), (20 bytes).
    Removing sysctl.o(i.SysCtlPeripheralClockGating), (24 bytes).
    Removing sysctl.o(i.SysCtlPeripheralDeepSleepDisable), (80 bytes).
    Removing sysctl.o(i.SysCtlPeripheralDeepSleepEnable), (80 bytes).
    Removing sysctl.o(i.SysCtlPeripheralDisable), (80 bytes).
    Removing sysctl.o(i.SysCtlPeripheralPowerOff), (72 bytes).
    Removing sysctl.o(i.SysCtlPeripheralPowerOn), (72 bytes).
    Removing sysctl.o(i.SysCtlPeripheralPresent), (112 bytes).
    Removing sysctl.o(i.SysCtlPeripheralReady), (72 bytes).
    Removing sysctl.o(i.SysCtlPeripheralReset), (120 bytes).
    Removing sysctl.o(i.SysCtlPeripheralSleepDisable), (80 bytes).
    Removing sysctl.o(i.SysCtlPeripheralSleepEnable), (80 bytes).
    Removing sysctl.o(i.SysCtlPinPresent), (16 bytes).
    Removing sysctl.o(i.SysCtlReset), (16 bytes).
    Removing sysctl.o(i.SysCtlResetCauseClear), (16 bytes).
    Removing sysctl.o(i.SysCtlResetCauseGet), (12 bytes).
    Removing sysctl.o(i.SysCtlSRAMSizeGet), (20 bytes).
    Removing sysctl.o(i.SysCtlSleep), (4 bytes).
    Removing sysctl.o(i.SysCtlUSBPLLDisable), (16 bytes).
    Removing sysctl.o(i.SysCtlUSBPLLEnable), (16 bytes).
    Removing uart.o(i.UART9BitAddrSend), (34 bytes).
    Removing uart.o(i.UART9BitAddrSet), (10 bytes).
    Removing uart.o(i.UART9BitDisable), (14 bytes).
    Removing uart.o(i.UART9BitEnable), (14 bytes).
    Removing uart.o(i.UARTBreakCtl), (18 bytes).
    Removing uart.o(i.UARTBusy), (8 bytes).
    Removing uart.o(i.UARTCharGetNonBlocking), (16 bytes).
    Removing uart.o(i.UARTCharPut), (12 bytes).
    Removing uart.o(i.UARTCharPutNonBlocking), (16 bytes).
    Removing uart.o(i.UARTCharsAvail), (10 bytes).
    Removing uart.o(i.UARTClockSourceGet), (6 bytes).
    Removing uart.o(i.UARTClockSourceSet), (6 bytes).
    Removing uart.o(i.UARTConfigGetExpClk), (46 bytes).
    Removing uart.o(i.UARTConfigSetExpClk), (110 bytes).
    Removing uart.o(i.UARTDMADisable), (10 bytes).
    Removing uart.o(i.UARTDMAEnable), (8 bytes).
    Removing uart.o(i.UARTDisable), (30 bytes).
    Removing uart.o(i.UARTDisableSIR), (10 bytes).
    Removing uart.o(i.UARTEnable), (20 bytes).
    Removing uart.o(i.UARTEnableSIR), (18 bytes).
    Removing uart.o(i.UARTFIFODisable), (10 bytes).
    Removing uart.o(i.UARTFIFOEnable), (10 bytes).
    Removing uart.o(i.UARTFIFOLevelGet), (16 bytes).
    Removing uart.o(i.UARTFIFOLevelSet), (6 bytes).
    Removing uart.o(i.UARTFlowControlGet), (8 bytes).
    Removing uart.o(i.UARTFlowControlSet), (12 bytes).
    Removing uart.o(i.UARTIntDisable), (10 bytes).
    Removing uart.o(i.UARTIntEnable), (8 bytes).
    Removing uart.o(i.UARTIntRegister), (52 bytes).
    Removing uart.o(i.UARTIntUnregister), (52 bytes).
    Removing uart.o(i.UARTModemControlClear), (14 bytes).
    Removing uart.o(i.UARTModemControlGet), (8 bytes).
    Removing uart.o(i.UARTModemControlSet), (12 bytes).
    Removing uart.o(i.UARTModemStatusGet), (10 bytes).
    Removing uart.o(i.UARTParityModeGet), (8 bytes).
    Removing uart.o(i.UARTParityModeSet), (12 bytes).
    Removing uart.o(i.UARTRxErrorClear), (6 bytes).
    Removing uart.o(i.UARTRxErrorGet), (8 bytes).
    Removing uart.o(i.UARTSmartCardDisable), (10 bytes).
    Removing uart.o(i.UARTSmartCardEnable), (22 bytes).
    Removing uart.o(i.UARTSpaceAvail), (10 bytes).
    Removing uart.o(i.UARTTxIntModeGet), (8 bytes).
    Removing uart.o(i.UARTTxIntModeSet), (12 bytes).
    Removing uart.o(.constdata), (64 bytes).
    Removing dneg.o(.text), (6 bytes).
    Removing dfixul.o(.text), (48 bytes).
    Removing cdcmple.o(.text), (48 bytes).

198 unused section(s) (total 9339 bytes) removed from the image.

==============================================================================

Image Symbol Table

    Local Symbols

    Symbol Name                              Value     Ov Type        Size  Object(Section)

    RESET                                    0x00000000   Section      632  startup_rvmdk.o(RESET)
    ../clib/../cmprslib/zerorunl2.c          0x00000000   Number         0  __dczerorl2.o ABSOLUTE
    ../clib/microlib/division.c              0x00000000   Number         0  uidiv.o ABSOLUTE
    ../clib/microlib/division.c              0x00000000   Number         0  uldiv.o ABSOLUTE
    ../clib/microlib/errno.c                 0x00000000   Number         0  errno.o ABSOLUTE
    ../clib/microlib/init/entry.s            0x00000000   Number         0  entry7b.o ABSOLUTE
    ../clib/microlib/init/entry.s            0x00000000   Number         0  entry8a.o ABSOLUTE
    ../clib/microlib/init/entry.s            0x00000000   Number         0  entry11b.o ABSOLUTE
    ../clib/microlib/init/entry.s            0x00000000   Number         0  entry8b.o ABSOLUTE
    ../clib/microlib/init/entry.s            0x00000000   Number         0  entry9a.o ABSOLUTE
    ../clib/microlib/init/entry.s            0x00000000   Number         0  entry7a.o ABSOLUTE
    ../clib/microlib/init/entry.s            0x00000000   Number         0  entry9b.o ABSOLUTE
    ../clib/microlib/init/entry.s            0x00000000   Number         0  entry10a.o ABSOLUTE
    ../clib/microlib/init/entry.s            0x00000000   Number         0  entry11a.o ABSOLUTE
    ../clib/microlib/init/entry.s            0x00000000   Number         0  entry10b.o ABSOLUTE
    ../clib/microlib/init/entry.s            0x00000000   Number         0  entry.o ABSOLUTE
    ../clib/microlib/init/entry.s            0x00000000   Number         0  entry5.o ABSOLUTE
    ../clib/microlib/init/entry.s            0x00000000   Number         0  entry2.o ABSOLUTE
    ../clib/microlib/longlong.c              0x00000000   Number         0  llushr.o ABSOLUTE
    ../clib/microlib/longlong.c              0x00000000   Number         0  llshl.o ABSOLUTE
    ../clib/microlib/longlong.c              0x00000000   Number         0  llsshr.o ABSOLUTE
    ../clib/microlib/printf/printf.c         0x00000000   Number         0  printf6.o ABSOLUTE
    ../clib/microlib/printf/printf.c         0x00000000   Number         0  printf5.o ABSOLUTE
    ../clib/microlib/printf/printf.c         0x00000000   Number         0  printf4.o ABSOLUTE
    ../clib/microlib/printf/printf.c         0x00000000   Number         0  printf3.o ABSOLUTE
    ../clib/microlib/printf/printf.c         0x00000000   Number         0  printf2.o ABSOLUTE
    ../clib/microlib/printf/printf.c         0x00000000   Number         0  printf1.o ABSOLUTE
    ../clib/microlib/printf/printf.c         0x00000000   Number         0  printf0.o ABSOLUTE
    ../clib/microlib/printf/printf.c         0x00000000   Number         0  printfb.o ABSOLUTE
    ../clib/microlib/printf/printf.c         0x00000000   Number         0  printf7.o ABSOLUTE
    ../clib/microlib/printf/printf.c         0x00000000   Number         0  printfa.o ABSOLUTE
    ../clib/microlib/printf/printf.c         0x00000000   Number         0  printf8.o ABSOLUTE
    ../clib/microlib/printf/stubs.s          0x00000000   Number         0  stubs.o ABSOLUTE
    ../clib/microlib/stdio/fputc.c           0x00000000   Number         0  fputc.o ABSOLUTE
    ../clib/microlib/stdio/semi.s            0x00000000   Number         0  semi.o ABSOLUTE
    ../clib/microlib/stdio/streams.c         0x00000000   Number         0  stdout.o ABSOLUTE
    ../clib/microlib/string/memset.c         0x00000000   Number         0  memseta.o ABSOLUTE
    ../clib/microlib/string/strcat.c         0x00000000   Number         0  strcat.o ABSOLUTE
    ../clib/microlib/stubs.s                 0x00000000   Number         0  iusesemip.o ABSOLUTE
    ../clib/microlib/stubs.s                 0x00000000   Number         0  iusefp.o ABSOLUTE
    ../fplib/microlib/fpadd.c                0x00000000   Number         0  dadd.o ABSOLUTE
    ../fplib/microlib/fpdiv.c                0x00000000   Number         0  ddiv.o ABSOLUTE
    ../fplib/microlib/fpepilogue.c           0x00000000   Number         0  depilogue.o ABSOLUTE
    ../fplib/microlib/fpfix.c                0x00000000   Number         0  dfixul.o ABSOLUTE
    ../fplib/microlib/fpfix.c                0x00000000   Number         0  dfixi.o ABSOLUTE
    ../fplib/microlib/fpflt.c                0x00000000   Number         0  dflti.o ABSOLUTE
    ../fplib/microlib/fpmul.c                0x00000000   Number         0  dmul.o ABSOLUTE
    ../fplib/microlib/fpneg.c                0x00000000   Number         0  dneg.o ABSOLUTE
    ../fplib/microlib/fpscalb.c              0x00000000   Number         0  dscalb.o ABSOLUTE
    ../fplib/microlib/fpsqrt.c               0x00000000   Number         0  dsqrt.o ABSOLUTE
    ../mathlib/dunder.c                      0x00000000   Number         0  dunder.o ABSOLUTE
    ../mathlib/fabs.c                        0x00000000   Number         0  fabs.o ABSOLUTE
    ../mathlib/fpclassify.c                  0x00000000   Number         0  fpclassify.o ABSOLUTE
    ../mathlib/poly.c                        0x00000000   Number         0  poly.o ABSOLUTE
    ../mathlib/pow.c                         0x00000000   Number         0  pow.o ABSOLUTE
    ../mathlib/pow.c                         0x00000000   Number         0  pow_x.o ABSOLUTE
    ../mathlib/qnan.c                        0x00000000   Number         0  qnan.o ABSOLUTE
    ../mathlib/sqrt.c                        0x00000000   Number         0  sqrt_x.o ABSOLUTE
    ../mathlib/sqrt.c                        0x00000000   Number         0  sqrt.o ABSOLUTE
    ..\utils\uartstdio.c                     0x00000000   Number         0  uartstdio.o ABSOLUTE
    HARDWARE\PCF8574.c                       0x00000000   Number         0  pcf8574.o ABSOLUTE
    HARDWARE\key.c                           0x00000000   Number         0  key.o ABSOLUTE
    HARDWARE\lcd.c                           0x00000000   Number         0  lcd.o ABSOLUTE
    HARDWARE\tm1638.c                        0x00000000   Number         0  tm1638.o ABSOLUTE
    HARDWARE\uart.c                          0x00000000   Number         0  uart.o ABSOLUTE
    cdcmple.s                                0x00000000   Number         0  cdcmple.o ABSOLUTE
    cdrcmple.s                               0x00000000   Number         0  cdrcmple.o ABSOLUTE
    cpu.c                                    0x00000000   Number         0  cpu.o ABSOLUTE
    cpu.c                                    0x00000000   Number         0  cpu.o ABSOLUTE
    dc.s                                     0x00000000   Number         0  dc.o ABSOLUTE
    fpu.c                                    0x00000000   Number         0  fpu.o ABSOLUTE
    gpio.c                                   0x00000000   Number         0  gpio.o ABSOLUTE
    handlers.s                               0x00000000   Number         0  handlers.o ABSOLUTE
    init.s                                   0x00000000   Number         0  init.o ABSOLUTE
    interrupt.c                              0x00000000   Number         0  interrupt.o ABSOLUTE
    main.c                                   0x00000000   Number         0  main.o ABSOLUTE
    startup_rvmdk.S                          0x00000000   Number         0  startup_rvmdk.o ABSOLUTE
    sysctl.c                                 0x00000000   Number         0  sysctl.o ABSOLUTE
    sysctl.c                                 0x00000000   Number         0  sysctl.o ABSOLUTE
    uart.c                                   0x00000000   Number         0  uart.o ABSOLUTE
    $v0                                      0x0000026c   Number         0  startup_rvmdk.o(RESET)
    NmiSR                                    0x00000271   Thumb Code     0  startup_rvmdk.o(RESET)
    FaultISR                                 0x00000273   Thumb Code     0  startup_rvmdk.o(RESET)
    IntDefaultHandler                        0x00000275   Thumb Code     0  startup_rvmdk.o(RESET)
    .ARM.Collect$$$$00000000                 0x00000278   Section        0  entry.o(.ARM.Collect$$$$00000000)
    .ARM.Collect$$$$00000001                 0x00000278   Section        4  entry2.o(.ARM.Collect$$$$00000001)
    .ARM.Collect$$$$00000004                 0x0000027c   Section        4  entry5.o(.ARM.Collect$$$$00000004)
    .ARM.Collect$$$$00000008                 0x00000280   Section        0  entry7b.o(.ARM.Collect$$$$00000008)
    .ARM.Collect$$$$0000000A                 0x00000280   Section        0  entry8b.o(.ARM.Collect$$$$0000000A)
    .ARM.Collect$$$$0000000B                 0x00000280   Section        8  entry9a.o(.ARM.Collect$$$$0000000B)
    .ARM.Collect$$$$0000000D                 0x00000288   Section        0  entry10a.o(.ARM.Collect$$$$0000000D)
    .ARM.Collect$$$$0000000F                 0x00000288   Section        0  entry11a.o(.ARM.Collect$$$$0000000F)
    .ARM.Collect$$$$00002712                 0x00000288   Section        4  entry2.o(.ARM.Collect$$$$00002712)
    __lit__00000000                          0x00000288   Data           4  entry2.o(.ARM.Collect$$$$00002712)
    .emb_text                                0x0000028c   Section        6  sysctl.o(.emb_text)
    $v0                                      0x0000028c   Number         0  sysctl.o(.emb_text)
    .emb_text                                0x00000294   Section       38  cpu.o(.emb_text)
    $v0                                      0x00000294   Number         0  cpu.o(.emb_text)
    .text                                    0x000002ba   Section        0  memseta.o(.text)
    .text                                    0x000002de   Section        0  strcat.o(.text)
    .text                                    0x000002f6   Section        0  dflti.o(.text)
    .text                                    0x00000318   Section        0  dfixi.o(.text)
    .text                                    0x00000356   Section        0  uidiv.o(.text)
    .text                                    0x00000382   Section        0  llushr.o(.text)
    .text                                    0x000003a2   Section        0  iusefp.o(.text)
    .text                                    0x000003a2   Section        0  depilogue.o(.text)
    .text                                    0x0000045c   Section        0  dadd.o(.text)
    .text                                    0x000005aa   Section        0  dmul.o(.text)
    .text                                    0x0000068e   Section        0  ddiv.o(.text)
    .text                                    0x0000076c   Section        0  dscalb.o(.text)
    .text                                    0x0000079c   Section       48  cdrcmple.o(.text)
    .text                                    0x000007cc   Section       36  init.o(.text)
    .text                                    0x000007f0   Section        0  llshl.o(.text)
    .text                                    0x0000080e   Section        0  llsshr.o(.text)
    .text                                    0x00000832   Section        0  dsqrt.o(.text)
    .text                                    0x000008d4   Section        0  __dczerorl2.o(.text)
    i.Address_set                            0x0000092a   Section        0  lcd.o(i.Address_set)
    i.FPUEnable                              0x00000984   Section        0  fpu.o(i.FPUEnable)
    i.FPULazyStackingEnable                  0x00000994   Section        0  fpu.o(i.FPULazyStackingEnable)
    i.GPIODirModeSet                         0x000009a4   Section        0  gpio.o(i.GPIODirModeSet)
    i.GPIOPadConfigSet                       0x000009cc   Section        0  gpio.o(i.GPIOPadConfigSet)
    i.GPIOPinConfigure                       0x00000a7c   Section        0  gpio.o(i.GPIOPinConfigure)
    i.GPIOPinTypeUART                        0x00000ac4   Section        0  gpio.o(i.GPIOPinTypeUART)
    i.InitConsole                            0x00000ae0   Section        0  uart.o(i.InitConsole)
    i.Init_TM1638                            0x00000b5c   Section        0  tm1638.o(i.Init_TM1638)
    i.IntMasterDisable                       0x00000bf8   Section        0  interrupt.o(i.IntMasterDisable)
    i.IntMasterEnable                        0x00000c02   Section        0  interrupt.o(i.IntMasterEnable)
    i.LCD_Clear                              0x00000c0c   Section        0  lcd.o(i.LCD_Clear)
    i.LCD_DrawLine                           0x00000c6c   Section        0  lcd.o(i.LCD_DrawLine)
    i.LCD_DrawRectangle                      0x00000d14   Section        0  lcd.o(i.LCD_DrawRectangle)
    i.LCD_ShowChar                           0x00000d54   Section        0  lcd.o(i.LCD_ShowChar)
    i.LCD_ShowString                         0x00000e28   Section        0  lcd.o(i.LCD_ShowString)
    i.PCF8574_I2C_GPIO_Config                0x00000e54   Section        0  pcf8574.o(i.PCF8574_I2C_GPIO_Config)
    i.PCF8574_I2C_RecvACK                    0x00000e88   Section        0  pcf8574.o(i.PCF8574_I2C_RecvACK)
    i.PCF8574_I2C_SendByte                   0x00000f18   Section        0  pcf8574.o(i.PCF8574_I2C_SendByte)
    i.PCF8574_I2C_Start                      0x00000f8c   Section        0  pcf8574.o(i.PCF8574_I2C_Start)
    i.PCF8574_I2C_Stop                       0x00000ff0   Section        0  pcf8574.o(i.PCF8574_I2C_Stop)
    i.PCF8574_Single_WriteI2C                0x00001054   Section        0  pcf8574.o(i.PCF8574_Single_WriteI2C)
    i.Read_key                               0x00001074   Section        0  tm1638.o(i.Read_key)
    i.SysCtlClockSet                         0x00001188   Section        0  sysctl.o(i.SysCtlClockSet)
    i.SysCtlPeripheralEnable                 0x000012f4   Section        0  sysctl.o(i.SysCtlPeripheralEnable)
    i.TM1638Test                             0x00001344   Section        0  tm1638.o(i.TM1638Test)
    i.TM1638_GPIO_Configuration              0x00001a8c   Section        0  tm1638.o(i.TM1638_GPIO_Configuration)
    i.TM1638_Read                            0x00001af0   Section        0  tm1638.o(i.TM1638_Read)
    i.TM1638_Write                           0x00001b94   Section        0  tm1638.o(i.TM1638_Write)
    i.UART2_Int_Handler                      0x00001c0c   Section        0  uart.o(i.UART2_Int_Handler)
    i.UARTCharGet                            0x00001cf8   Section        0  uart.o(i.UARTCharGet)
    i.UARTIntClear                           0x00001d04   Section        0  uart.o(i.UARTIntClear)
    i.UARTIntStatus                          0x00001d08   Section        0  uart.o(i.UARTIntStatus)
    i.UARTStdioInit                          0x00001d12   Section        0  uartstdio.o(i.UARTStdioInit)
    i.UARTStdioInitExpClk                    0x00001d18   Section        0  uartstdio.o(i.UARTStdioInitExpClk)
    i.UARTprintf                             0x00001d7c   Section        0  uartstdio.o(i.UARTprintf)
    i.Write_DATA                             0x000020a0   Section        0  tm1638.o(i.Write_DATA)
    i.__0sprintf$1                           0x00002100   Section        0  printf1.o(i.__0sprintf$1)
    i.__ARM_fpclassify                       0x00002128   Section        0  fpclassify.o(i.__ARM_fpclassify)
    i.__hardfp_pow                           0x00002158   Section        0  pow.o(i.__hardfp_pow)
    i.__kernel_poly                          0x00002d90   Section        0  poly.o(i.__kernel_poly)
    i.__mathlib_dbl_divzero                  0x00002e88   Section        0  dunder.o(i.__mathlib_dbl_divzero)
    i.__mathlib_dbl_infnan2                  0x00002eb8   Section        0  dunder.o(i.__mathlib_dbl_infnan2)
    i.__mathlib_dbl_invalid                  0x00002ed0   Section        0  dunder.o(i.__mathlib_dbl_invalid)
    i.__mathlib_dbl_overflow                 0x00002ef0   Section        0  dunder.o(i.__mathlib_dbl_overflow)
    i.__mathlib_dbl_underflow                0x00002f10   Section        0  dunder.o(i.__mathlib_dbl_underflow)
    i.__scatterload_copy                     0x00002f30   Section       14  handlers.o(i.__scatterload_copy)
    i.__scatterload_null                     0x00002f3e   Section        2  handlers.o(i.__scatterload_null)
    i.__scatterload_zeroinit                 0x00002f40   Section       14  handlers.o(i.__scatterload_zeroinit)
    i.__set_errno                            0x00002f50   Section        0  errno.o(i.__set_errno)
    i._printf_core                           0x00002f5c   Section        0  printf1.o(i._printf_core)
    _printf_core                             0x00002f5d   Thumb Code   336  printf1.o(i._printf_core)
    i._sputc                                 0x000030b0   Section        0  printf1.o(i._sputc)
    _sputc                                   0x000030b1   Thumb Code    10  printf1.o(i._sputc)
    i.fabs                                   0x000030ba   Section        0  fabs.o(i.fabs)
    i.lcd_init                               0x000030d4   Section        0  lcd.o(i.lcd_init)
    i.lcd_write_command                      0x00003430   Section        0  lcd.o(i.lcd_write_command)
    i.lcd_write_data                         0x00003454   Section        0  lcd.o(i.lcd_write_data)
    i.main                                   0x0000347c   Section        0  main.o(i.main)
    i.sqrt                                   0x0000354c   Section        0  sqrt.o(i.sqrt)
    .constdata                               0x000035bc   Section       68  uartstdio.o(.constdata)
    g_pcHex                                  0x000035bc   Data           4  uartstdio.o(.constdata)
    g_ulUARTBase                             0x000035c0   Data          32  uartstdio.o(.constdata)
    g_ulUARTPeriph                           0x000035e0   Data          32  uartstdio.o(.constdata)
    .constdata                               0x00003600   Section       47  tm1638.o(.constdata)
    .constdata                               0x00003630   Section      120  gpio.o(.constdata)
    g_pulGPIOBaseAddrs                       0x00003630   Data         120  gpio.o(.constdata)
    .constdata                               0x000036a8   Section      452  sysctl.o(.constdata)
    g_pulDCRegs                              0x000036a8   Data          16  sysctl.o(.constdata)
    g_pulSRCRRegs                            0x000036b8   Data          12  sysctl.o(.constdata)
    g_pulRCGCRegs                            0x000036c4   Data          12  sysctl.o(.constdata)
    g_pulSCGCRegs                            0x000036d0   Data          12  sysctl.o(.constdata)
    g_pulDCGCRegs                            0x000036dc   Data          12  sysctl.o(.constdata)
    g_pulXtals                               0x000036e8   Data         108  sysctl.o(.constdata)
    g_ppulPeripheralMap                      0x00003754   Data         280  sysctl.o(.constdata)
    .constdata                               0x00003870   Section      136  pow.o(.constdata)
    bp                                       0x00003870   Data          16  pow.o(.constdata)
    dp_h                                     0x00003880   Data          16  pow.o(.constdata)
    dp_l                                     0x00003890   Data          16  pow.o(.constdata)
    L                                        0x000038a0   Data          48  pow.o(.constdata)
    P                                        0x000038d0   Data          40  pow.o(.constdata)
    .constdata                               0x000038f8   Section        8  qnan.o(.constdata)
    .conststring                             0x00003900   Section       17  uartstdio.o(.conststring)
    .conststring                             0x00003914   Section       65  main.o(.conststring)
    .data                                    0x20000000   Section     1528  lcd.o(.data)
    .data                                    0x200005f8   Section        2  uart.o(.data)
    BufferCount                              0x200005f9   Data           1  uart.o(.data)
    .data                                    0x200005fc   Section        8  uartstdio.o(.data)
    bLastWasCR                               0x200005fc   Data           1  uartstdio.o(.data)
    g_ulBase                                 0x20000600   Data           4  uartstdio.o(.data)
    .data                                    0x20000604   Section        5  tm1638.o(.data)
    .data                                    0x2000060c   Section        4  errno.o(.data)
    _errno                                   0x2000060c   Data           4  errno.o(.data)
    .bss                                     0x20000610   Section       20  lcd.o(.bss)
    .bss                                     0x20000624   Section       50  uart.o(.bss)
    .bss                                     0x20000656   Section       30  tm1638.o(.bss)
    result1                                  0x20000656   Data          10  tm1638.o(.bss)
    result2                                  0x20000660   Data          10  tm1638.o(.bss)
    cal_str_result                           0x2000066a   Data          10  tm1638.o(.bss)
    STACK                                    0x20000678   Section      512  startup_rvmdk.o(STACK)
    StackMem                                 0x20000678   Data           0  startup_rvmdk.o(STACK)

    Global Symbols

    Symbol Name                              Value     Ov Type        Size  Object(Section)

    BuildAttributes$$THM_ISAv4$E$P$D$K$B$S$7EM$VFPi3$EXTD16$VFPS$VFMA$PE$A:L22UL41UL21$X:L11$S22US41US21$IEEE1$IW$USESV6$~STKCKD$USESV7$~SHL$OTIME$ROPI$IEEEX$EBA8$MICROLIB$REQ8$PRES8$EABIv2 0x00000000   Number         0  anon$$obj.o ABSOLUTE
    __ARM_use_no_argv                        0x00000000   Number         0  main.o ABSOLUTE
    __Vectors                                0x00000000   Data           0  startup_rvmdk.o(RESET)
    _printf_a                                0x00000000   Number         0  stubs.o ABSOLUTE
    _printf_c                                0x00000000   Number         0  stubs.o ABSOLUTE
    _printf_charcount                        0x00000000   Number         0  stubs.o ABSOLUTE
    _printf_d                                0x00000000   Number         0  stubs.o ABSOLUTE
    _printf_e                                0x00000000   Number         0  stubs.o ABSOLUTE
    _printf_f                                0x00000000   Number         0  stubs.o ABSOLUTE
    _printf_flags                            0x00000000   Number         0  stubs.o ABSOLUTE
    _printf_fp_dec                           0x00000000   Number         0  stubs.o ABSOLUTE
    _printf_fp_hex                           0x00000000   Number         0  stubs.o ABSOLUTE
    _printf_g                                0x00000000   Number         0  stubs.o ABSOLUTE
    _printf_i                                0x00000000   Number         0  stubs.o ABSOLUTE
    _printf_int_dec                          0x00000000   Number         0  stubs.o ABSOLUTE
    _printf_l                                0x00000000   Number         0  stubs.o ABSOLUTE
    _printf_lc                               0x00000000   Number         0  stubs.o ABSOLUTE
    _printf_ll                               0x00000000   Number         0  stubs.o ABSOLUTE
    _printf_lld                              0x00000000   Number         0  stubs.o ABSOLUTE
    _printf_lli                              0x00000000   Number         0  stubs.o ABSOLUTE
    _printf_llo                              0x00000000   Number         0  stubs.o ABSOLUTE
    _printf_llu                              0x00000000   Number         0  stubs.o ABSOLUTE
    _printf_llx                              0x00000000   Number         0  stubs.o ABSOLUTE
    _printf_longlong_dec                     0x00000000   Number         0  stubs.o ABSOLUTE
    _printf_longlong_hex                     0x00000000   Number         0  stubs.o ABSOLUTE
    _printf_longlong_oct                     0x00000000   Number         0  stubs.o ABSOLUTE
    _printf_ls                               0x00000000   Number         0  stubs.o ABSOLUTE
    _printf_mbtowc                           0x00000000   Number         0  stubs.o ABSOLUTE
    _printf_n                                0x00000000   Number         0  stubs.o ABSOLUTE
    _printf_o                                0x00000000   Number         0  stubs.o ABSOLUTE
    _printf_p                                0x00000000   Number         0  stubs.o ABSOLUTE
    _printf_percent                          0x00000000   Number         0  stubs.o ABSOLUTE
    _printf_pre_padding                      0x00000000   Number         0  stubs.o ABSOLUTE
    _printf_return_value                     0x00000000   Number         0  stubs.o ABSOLUTE
    _printf_s                                0x00000000   Number         0  stubs.o ABSOLUTE
    _printf_sizespec                         0x00000000   Number         0  stubs.o ABSOLUTE
    _printf_str                              0x00000000   Number         0  stubs.o ABSOLUTE
    _printf_truncate_signed                  0x00000000   Number         0  stubs.o ABSOLUTE
    _printf_truncate_unsigned                0x00000000   Number         0  stubs.o ABSOLUTE
    _printf_u                                0x00000000   Number         0  stubs.o ABSOLUTE
    _printf_wc                               0x00000000   Number         0  stubs.o ABSOLUTE
    _printf_wctomb                           0x00000000   Number         0  stubs.o ABSOLUTE
    _printf_widthprec                        0x00000000   Number         0  stubs.o ABSOLUTE
    _printf_x                                0x00000000   Number         0  stubs.o ABSOLUTE
    __cpp_initialize__aeabi_                  - Undefined Weak Reference
    __cxa_finalize                            - Undefined Weak Reference
    _clock_init                               - Undefined Weak Reference
    _microlib_exit                            - Undefined Weak Reference
    Reset_Handler                            0x0000026d   Thumb Code     0  startup_rvmdk.o(RESET)
    __main                                   0x00000279   Thumb Code     0  entry.o(.ARM.Collect$$$$00000000)
    _main_stk                                0x00000279   Thumb Code     0  entry2.o(.ARM.Collect$$$$00000001)
    _main_scatterload                        0x0000027d   Thumb Code     0  entry5.o(.ARM.Collect$$$$00000004)
    __main_after_scatterload                 0x00000281   Thumb Code     0  entry5.o(.ARM.Collect$$$$00000004)
    _main_clock                              0x00000281   Thumb Code     0  entry7b.o(.ARM.Collect$$$$00000008)
    _main_cpp_init                           0x00000281   Thumb Code     0  entry8b.o(.ARM.Collect$$$$0000000A)
    _main_init                               0x00000281   Thumb Code     0  entry9a.o(.ARM.Collect$$$$0000000B)
    __rt_final_cpp                           0x00000289   Thumb Code     0  entry10a.o(.ARM.Collect$$$$0000000D)
    __rt_final_exit                          0x00000289   Thumb Code     0  entry11a.o(.ARM.Collect$$$$0000000F)
    SysCtlDelay                              0x0000028d   Thumb Code     6  sysctl.o(.emb_text)
    CPUcpsid                                 0x00000295   Thumb Code     8  cpu.o(.emb_text)
    CPUprimask                               0x0000029d   Thumb Code     6  cpu.o(.emb_text)
    CPUcpsie                                 0x000002a3   Thumb Code     8  cpu.o(.emb_text)
    CPUwfi                                   0x000002ab   Thumb Code     4  cpu.o(.emb_text)
    CPUbasepriSet                            0x000002af   Thumb Code     6  cpu.o(.emb_text)
    CPUbasepriGet                            0x000002b5   Thumb Code     6  cpu.o(.emb_text)
    __aeabi_memset                           0x000002bb   Thumb Code    14  memseta.o(.text)
    __aeabi_memset4                          0x000002bb   Thumb Code     0  memseta.o(.text)
    __aeabi_memset8                          0x000002bb   Thumb Code     0  memseta.o(.text)
    __aeabi_memclr                           0x000002c9   Thumb Code     4  memseta.o(.text)
    __aeabi_memclr4                          0x000002c9   Thumb Code     0  memseta.o(.text)
    __aeabi_memclr8                          0x000002c9   Thumb Code     0  memseta.o(.text)
    _memset$wrapper                          0x000002cd   Thumb Code    18  memseta.o(.text)
    strcat                                   0x000002df   Thumb Code    24  strcat.o(.text)
    __aeabi_i2d                              0x000002f7   Thumb Code    34  dflti.o(.text)
    __aeabi_d2iz                             0x00000319   Thumb Code    62  dfixi.o(.text)
    __aeabi_uidiv                            0x00000357   Thumb Code     0  uidiv.o(.text)
    __aeabi_uidivmod                         0x00000357   Thumb Code    44  uidiv.o(.text)
    __aeabi_llsr                             0x00000383   Thumb Code    32  llushr.o(.text)
    _ll_ushift_r                             0x00000383   Thumb Code     0  llushr.o(.text)
    __I$use$fp                               0x000003a3   Thumb Code     0  iusefp.o(.text)
    _double_round                            0x000003a3   Thumb Code    30  depilogue.o(.text)
    _double_epilogue                         0x000003c1   Thumb Code   156  depilogue.o(.text)
    __aeabi_dadd                             0x0000045d   Thumb Code   322  dadd.o(.text)
    __aeabi_dsub                             0x0000059f   Thumb Code     6  dadd.o(.text)
    __aeabi_drsub                            0x000005a5   Thumb Code     6  dadd.o(.text)
    __aeabi_dmul                             0x000005ab   Thumb Code   228  dmul.o(.text)
    __aeabi_ddiv                             0x0000068f   Thumb Code   222  ddiv.o(.text)
    __ARM_scalbn                             0x0000076d   Thumb Code    46  dscalb.o(.text)
    scalbn                                   0x0000076d   Thumb Code     0  dscalb.o(.text)
    __aeabi_cdrcmple                         0x0000079d   Thumb Code    48  cdrcmple.o(.text)
    __scatterload                            0x000007cd   Thumb Code    28  init.o(.text)
    __scatterload_rt2                        0x000007cd   Thumb Code     0  init.o(.text)
    __aeabi_llsl                             0x000007f1   Thumb Code    30  llshl.o(.text)
    _ll_shift_l                              0x000007f1   Thumb Code     0  llshl.o(.text)
    __aeabi_lasr                             0x0000080f   Thumb Code    36  llsshr.o(.text)
    _ll_sshift_r                             0x0000080f   Thumb Code     0  llsshr.o(.text)
    _dsqrt                                   0x00000833   Thumb Code   162  dsqrt.o(.text)
    __decompress                             0x000008d5   Thumb Code     0  __dczerorl2.o(.text)
    __decompress1                            0x000008d5   Thumb Code    86  __dczerorl2.o(.text)
    Address_set                              0x0000092b   Thumb Code    88  lcd.o(i.Address_set)
    FPUEnable                                0x00000985   Thumb Code    12  fpu.o(i.FPUEnable)
    FPULazyStackingEnable                    0x00000995   Thumb Code    12  fpu.o(i.FPULazyStackingEnable)
    GPIODirModeSet                           0x000009a5   Thumb Code    40  gpio.o(i.GPIODirModeSet)
    GPIOPadConfigSet                         0x000009cd   Thumb Code   176  gpio.o(i.GPIOPadConfigSet)
    GPIOPinConfigure                         0x00000a7d   Thumb Code    64  gpio.o(i.GPIOPinConfigure)
    GPIOPinTypeUART                          0x00000ac5   Thumb Code    28  gpio.o(i.GPIOPinTypeUART)
    InitConsole                              0x00000ae1   Thumb Code    92  uart.o(i.InitConsole)
    Init_TM1638                              0x00000b5d   Thumb Code   144  tm1638.o(i.Init_TM1638)
    IntMasterDisable                         0x00000bf9   Thumb Code    10  interrupt.o(i.IntMasterDisable)
    IntMasterEnable                          0x00000c03   Thumb Code    10  interrupt.o(i.IntMasterEnable)
    LCD_Clear                                0x00000c0d   Thumb Code    94  lcd.o(i.LCD_Clear)
    LCD_DrawLine                             0x00000c6d   Thumb Code   162  lcd.o(i.LCD_DrawLine)
    LCD_DrawRectangle                        0x00000d15   Thumb Code    62  lcd.o(i.LCD_DrawRectangle)
    LCD_ShowChar                             0x00000d55   Thumb Code   202  lcd.o(i.LCD_ShowChar)
    LCD_ShowString                           0x00000e29   Thumb Code    44  lcd.o(i.LCD_ShowString)
    PCF8574_I2C_GPIO_Config                  0x00000e55   Thumb Code    44  pcf8574.o(i.PCF8574_I2C_GPIO_Config)
    PCF8574_I2C_RecvACK                      0x00000e89   Thumb Code   134  pcf8574.o(i.PCF8574_I2C_RecvACK)
    PCF8574_I2C_SendByte                     0x00000f19   Thumb Code   110  pcf8574.o(i.PCF8574_I2C_SendByte)
    PCF8574_I2C_Start                        0x00000f8d   Thumb Code    94  pcf8574.o(i.PCF8574_I2C_Start)
    PCF8574_I2C_Stop                         0x00000ff1   Thumb Code    94  pcf8574.o(i.PCF8574_I2C_Stop)
    PCF8574_Single_WriteI2C                  0x00001055   Thumb Code    32  pcf8574.o(i.PCF8574_Single_WriteI2C)
    Read_key                                 0x00001075   Thumb Code   268  tm1638.o(i.Read_key)
    SysCtlClockSet                           0x00001189   Thumb Code   344  sysctl.o(i.SysCtlClockSet)
    SysCtlPeripheralEnable                   0x000012f5   Thumb Code    70  sysctl.o(i.SysCtlPeripheralEnable)
    TM1638Test                               0x00001345   Thumb Code  1814  tm1638.o(i.TM1638Test)
    TM1638_GPIO_Configuration                0x00001a8d   Thumb Code    84  tm1638.o(i.TM1638_GPIO_Configuration)
    TM1638_Read                              0x00001af1   Thumb Code   154  tm1638.o(i.TM1638_Read)
    TM1638_Write                             0x00001b95   Thumb Code   112  tm1638.o(i.TM1638_Write)
    UART2_Int_Handler                        0x00001c0d   Thumb Code   198  uart.o(i.UART2_Int_Handler)
    UARTCharGet                              0x00001cf9   Thumb Code    12  uart.o(i.UARTCharGet)
    UARTIntClear                             0x00001d05   Thumb Code     4  uart.o(i.UARTIntClear)
    UARTIntStatus                            0x00001d09   Thumb Code    10  uart.o(i.UARTIntStatus)
    UARTStdioInit                            0x00001d13   Thumb Code     4  uartstdio.o(i.UARTStdioInit)
    UARTStdioInitExpClk                      0x00001d19   Thumb Code    88  uartstdio.o(i.UARTStdioInitExpClk)
    UARTprintf                               0x00001d7d   Thumb Code   782  uartstdio.o(i.UARTprintf)
    Write_DATA                               0x000020a1   Thumb Code    90  tm1638.o(i.Write_DATA)
    __0sprintf$1                             0x00002101   Thumb Code    34  printf1.o(i.__0sprintf$1)
    __1sprintf$1                             0x00002101   Thumb Code     0  printf1.o(i.__0sprintf$1)
    __2sprintf                               0x00002101   Thumb Code     0  printf1.o(i.__0sprintf$1)
    __ARM_fpclassify                         0x00002129   Thumb Code    48  fpclassify.o(i.__ARM_fpclassify)
    __hardfp_pow                             0x00002159   Thumb Code  3044  pow.o(i.__hardfp_pow)
    __kernel_poly                            0x00002d91   Thumb Code   248  poly.o(i.__kernel_poly)
    __mathlib_dbl_divzero                    0x00002e89   Thumb Code    28  dunder.o(i.__mathlib_dbl_divzero)
    __mathlib_dbl_infnan2                    0x00002eb9   Thumb Code    20  dunder.o(i.__mathlib_dbl_infnan2)
    __mathlib_dbl_invalid                    0x00002ed1   Thumb Code    24  dunder.o(i.__mathlib_dbl_invalid)
    __mathlib_dbl_overflow                   0x00002ef1   Thumb Code    24  dunder.o(i.__mathlib_dbl_overflow)
    __mathlib_dbl_underflow                  0x00002f11   Thumb Code    24  dunder.o(i.__mathlib_dbl_underflow)
    __scatterload_copy                       0x00002f31   Thumb Code    14  handlers.o(i.__scatterload_copy)
    __scatterload_null                       0x00002f3f   Thumb Code     2  handlers.o(i.__scatterload_null)
    __scatterload_zeroinit                   0x00002f41   Thumb Code    14  handlers.o(i.__scatterload_zeroinit)
    __set_errno                              0x00002f51   Thumb Code     6  errno.o(i.__set_errno)
    fabs                                     0x000030bb   Thumb Code    24  fabs.o(i.fabs)
    lcd_init                                 0x000030d5   Thumb Code   802  lcd.o(i.lcd_init)
    lcd_write_command                        0x00003431   Thumb Code    28  lcd.o(i.lcd_write_command)
    lcd_write_data                           0x00003455   Thumb Code    32  lcd.o(i.lcd_write_data)
    main                                     0x0000347d   Thumb Code   134  main.o(i.main)
    sqrt                                     0x0000354d   Thumb Code   110  sqrt.o(i.sqrt)
    tab                                      0x00003600   Data          16  tm1638.o(.constdata)
    keytab                                   0x00003610   Data          31  tm1638.o(.constdata)
    __mathlib_zero                           0x000038f8   Data           8  qnan.o(.constdata)
    Region$$Table$$Base                      0x00003958   Number         0  anon$$obj.o(Region$$Table)
    Region$$Table$$Limit                     0x00003978   Number         0  anon$$obj.o(Region$$Table)
    POINT_COLOR                              0x20000000   Data           4  lcd.o(.data)
    BACK_COLOR                               0x20000004   Data           4  lcd.o(.data)
    asc2_1608                                0x20000008   Data        1520  lcd.o(.data)
    DBufferFlag                              0x200005f8   Data           1  uart.o(.data)
    key_tmp                                  0x20000604   Data           1  tm1638.o(.data)
    c                                        0x20000605   Data           4  tm1638.o(.data)
    lcddev                                   0x20000610   Data          20  lcd.o(.bss)
    BufferA                                  0x20000624   Data          50  uart.o(.bss)
    __initial_sp                             0x20000878   Data           0  startup_rvmdk.o(STACK)



==============================================================================

Memory Map of the image

  Image Entry point : 0x00000279

  Load Region LR_IROM (Base: 0x00000000, Size: 0x00003f88, Max: 0x00040000, ABSOLUTE, COMPRESSED[0x00003c7c])

    Execution Region ER_IROM (Base: 0x00000000, Size: 0x00003978, Max: 0x00040000, ABSOLUTE)

    Base Addr    Size         Type   Attr      Idx    E Section Name        Object

    0x00000000   0x00000278   Code   RO            3    RESET               startup_rvmdk.o
    0x00000278   0x00000000   Code   RO         1631  * .ARM.Collect$$$$00000000  mc_w.l(entry.o)
    0x00000278   0x00000004   Code   RO         1940    .ARM.Collect$$$$00000001  mc_w.l(entry2.o)
    0x0000027c   0x00000004   Code   RO         1943    .ARM.Collect$$$$00000004  mc_w.l(entry5.o)
    0x00000280   0x00000000   Code   RO         1945    .ARM.Collect$$$$00000008  mc_w.l(entry7b.o)
    0x00000280   0x00000000   Code   RO         1947    .ARM.Collect$$$$0000000A  mc_w.l(entry8b.o)
    0x00000280   0x00000008   Code   RO         1948    .ARM.Collect$$$$0000000B  mc_w.l(entry9a.o)
    0x00000288   0x00000000   Code   RO         1950    .ARM.Collect$$$$0000000D  mc_w.l(entry10a.o)
    0x00000288   0x00000000   Code   RO         1952    .ARM.Collect$$$$0000000F  mc_w.l(entry11a.o)
    0x00000288   0x00000004   Code   RO         1941    .ARM.Collect$$$$00002712  mc_w.l(entry2.o)
    0x0000028c   0x00000006   Code   RO         1015    .emb_text           driverlib-cm4f.lib(sysctl.o)
    0x00000292   0x00000002   PAD
    0x00000294   0x00000026   Code   RO         1607    .emb_text           driverlib-cm4f.lib(cpu.o)
    0x000002ba   0x00000024   Code   RO         1634    .text               mc_w.l(memseta.o)
    0x000002de   0x00000018   Code   RO         1636    .text               mc_w.l(strcat.o)
    0x000002f6   0x00000022   Code   RO         1899    .text               mf_w.l(dflti.o)
    0x00000318   0x0000003e   Code   RO         1901    .text               mf_w.l(dfixi.o)
    0x00000356   0x0000002c   Code   RO         1957    .text               mc_w.l(uidiv.o)
    0x00000382   0x00000020   Code   RO         1961    .text               mc_w.l(llushr.o)
    0x000003a2   0x00000000   Code   RO         1970    .text               mc_w.l(iusefp.o)
    0x000003a2   0x000000ba   Code   RO         1971    .text               mf_w.l(depilogue.o)
    0x0000045c   0x0000014e   Code   RO         1973    .text               mf_w.l(dadd.o)
    0x000005aa   0x000000e4   Code   RO         1975    .text               mf_w.l(dmul.o)
    0x0000068e   0x000000de   Code   RO         1977    .text               mf_w.l(ddiv.o)
    0x0000076c   0x0000002e   Code   RO         1981    .text               mf_w.l(dscalb.o)
    0x0000079a   0x00000002   PAD
    0x0000079c   0x00000030   Code   RO         1985    .text               mf_w.l(cdrcmple.o)
    0x000007cc   0x00000024   Code   RO         1987    .text               mc_w.l(init.o)
    0x000007f0   0x0000001e   Code   RO         1990    .text               mc_w.l(llshl.o)
    0x0000080e   0x00000024   Code   RO         1992    .text               mc_w.l(llsshr.o)
    0x00000832   0x000000a2   Code   RO         1995    .text               mf_w.l(dsqrt.o)
    0x000008d4   0x00000056   Code   RO         2007    .text               mc_w.l(__dczerorl2.o)
    0x0000092a   0x00000058   Code   RO            9    i.Address_set       lcd.o
    0x00000982   0x00000002   PAD
    0x00000984   0x00000010   Code   RO          554    i.FPUEnable         driverlib-cm4f.lib(fpu.o)
    0x00000994   0x00000010   Code   RO          557    i.FPULazyStackingEnable  driverlib-cm4f.lib(fpu.o)
    0x000009a4   0x00000028   Code   RO          627    i.GPIODirModeSet    driverlib-cm4f.lib(gpio.o)
    0x000009cc   0x000000b0   Code   RO          632    i.GPIOPadConfigSet  driverlib-cm4f.lib(gpio.o)
    0x00000a7c   0x00000048   Code   RO          633    i.GPIOPinConfigure  driverlib-cm4f.lib(gpio.o)
    0x00000ac4   0x0000001c   Code   RO          659    i.GPIOPinTypeUART   driverlib-cm4f.lib(gpio.o)
    0x00000ae0   0x0000007c   Code   RO          156    i.InitConsole       uart.o
    0x00000b5c   0x0000009c   Code   RO          395    i.Init_TM1638       tm1638.o
    0x00000bf8   0x0000000a   Code   RO          914    i.IntMasterDisable  driverlib-cm4f.lib(interrupt.o)
    0x00000c02   0x0000000a   Code   RO          915    i.IntMasterEnable   driverlib-cm4f.lib(interrupt.o)
    0x00000c0c   0x0000005e   Code   RO           11    i.LCD_Clear         lcd.o
    0x00000c6a   0x00000002   PAD
    0x00000c6c   0x000000a8   Code   RO           12    i.LCD_DrawLine      lcd.o
    0x00000d14   0x0000003e   Code   RO           14    i.LCD_DrawRectangle  lcd.o
    0x00000d52   0x00000002   PAD
    0x00000d54   0x000000d4   Code   RO           16    i.LCD_ShowChar      lcd.o
    0x00000e28   0x0000002c   Code   RO           17    i.LCD_ShowString    lcd.o
    0x00000e54   0x00000034   Code   RO          309    i.PCF8574_I2C_GPIO_Config  pcf8574.o
    0x00000e88   0x00000090   Code   RO          310    i.PCF8574_I2C_RecvACK  pcf8574.o
    0x00000f18   0x00000074   Code   RO          313    i.PCF8574_I2C_SendByte  pcf8574.o
    0x00000f8c   0x00000064   Code   RO          314    i.PCF8574_I2C_Start  pcf8574.o
    0x00000ff0   0x00000064   Code   RO          315    i.PCF8574_I2C_Stop  pcf8574.o
    0x00001054   0x00000020   Code   RO          318    i.PCF8574_Single_WriteI2C  pcf8574.o
    0x00001074   0x00000114   Code   RO          396    i.Read_key          tm1638.o
    0x00001188   0x0000016c   Code   RO         1021    i.SysCtlClockSet    driverlib-cm4f.lib(sysctl.o)
    0x000012f4   0x00000050   Code   RO         1048    i.SysCtlPeripheralEnable  driverlib-cm4f.lib(sysctl.o)
    0x00001344   0x00000748   Code   RO          397    i.TM1638Test        tm1638.o
    0x00001a8c   0x00000064   Code   RO          398    i.TM1638_GPIO_Configuration  tm1638.o
    0x00001af0   0x000000a4   Code   RO          399    i.TM1638_Read       tm1638.o
    0x00001b94   0x00000078   Code   RO          400    i.TM1638_Write      tm1638.o
    0x00001c0c   0x000000ec   Code   RO          159    i.UART2_Int_Handler  uart.o
    0x00001cf8   0x0000000c   Code   RO         1324    i.UARTCharGet       driverlib-cm4f.lib(uart.o)
    0x00001d04   0x00000004   Code   RO         1345    i.UARTIntClear      driverlib-cm4f.lib(uart.o)
    0x00001d08   0x0000000a   Code   RO         1349    i.UARTIntStatus     driverlib-cm4f.lib(uart.o)
    0x00001d12   0x00000004   Code   RO          240    i.UARTStdioInit     uartstdio.o
    0x00001d16   0x00000002   PAD
    0x00001d18   0x00000064   Code   RO          241    i.UARTStdioInitExpClk  uartstdio.o
    0x00001d7c   0x00000324   Code   RO          244    i.UARTprintf        uartstdio.o
    0x000020a0   0x00000060   Code   RO          402    i.Write_DATA        tm1638.o
    0x00002100   0x00000028   Code   RO         1685    i.__0sprintf$1      mc_w.l(printf1.o)
    0x00002128   0x00000030   Code   RO         1923    i.__ARM_fpclassify  m_wm.l(fpclassify.o)
    0x00002158   0x00000c38   Code   RO         1617    i.__hardfp_pow      m_wm.l(pow.o)
    0x00002d90   0x000000f8   Code   RO         1925    i.__kernel_poly     m_wm.l(poly.o)
    0x00002e88   0x00000030   Code   RO         1903    i.__mathlib_dbl_divzero  m_wm.l(dunder.o)
    0x00002eb8   0x00000014   Code   RO         1905    i.__mathlib_dbl_infnan2  m_wm.l(dunder.o)
    0x00002ecc   0x00000004   PAD
    0x00002ed0   0x00000020   Code   RO         1906    i.__mathlib_dbl_invalid  m_wm.l(dunder.o)
    0x00002ef0   0x00000020   Code   RO         1907    i.__mathlib_dbl_overflow  m_wm.l(dunder.o)
    0x00002f10   0x00000020   Code   RO         1909    i.__mathlib_dbl_underflow  m_wm.l(dunder.o)
    0x00002f30   0x0000000e   Code   RO         2001    i.__scatterload_copy  mc_w.l(handlers.o)
    0x00002f3e   0x00000002   Code   RO         2002    i.__scatterload_null  mc_w.l(handlers.o)
    0x00002f40   0x0000000e   Code   RO         2003    i.__scatterload_zeroinit  mc_w.l(handlers.o)
    0x00002f4e   0x00000002   PAD
    0x00002f50   0x0000000c   Code   RO         1965    i.__set_errno       mc_w.l(errno.o)
    0x00002f5c   0x00000154   Code   RO         1690    i._printf_core      mc_w.l(printf1.o)
    0x000030b0   0x0000000a   Code   RO         1692    i._sputc            mc_w.l(printf1.o)
    0x000030ba   0x00000018   Code   RO         1919    i.fabs              m_wm.l(fabs.o)
    0x000030d2   0x00000002   PAD
    0x000030d4   0x0000035c   Code   RO           23    i.lcd_init          lcd.o
    0x00003430   0x00000024   Code   RO           24    i.lcd_write_command  lcd.o
    0x00003454   0x00000028   Code   RO           25    i.lcd_write_data    lcd.o
    0x0000347c   0x000000d0   Code   RO          483    i.main              main.o
    0x0000354c   0x0000006e   Code   RO         1930    i.sqrt              m_wm.l(sqrt.o)
    0x000035ba   0x00000002   PAD
    0x000035bc   0x00000044   Data   RO          246    .constdata          uartstdio.o
    0x00003600   0x0000002f   Data   RO          406    .constdata          tm1638.o
    0x0000362f   0x00000001   PAD
    0x00003630   0x00000078   Data   RO          665    .constdata          driverlib-cm4f.lib(gpio.o)
    0x000036a8   0x000001c4   Data   RO         1064    .constdata          driverlib-cm4f.lib(sysctl.o)
    0x0000386c   0x00000004   PAD
    0x00003870   0x00000088   Data   RO         1620    .constdata          m_wm.l(pow.o)
    0x000038f8   0x00000008   Data   RO         1927    .constdata          m_wm.l(qnan.o)
    0x00003900   0x00000011   Data   RO          247    .conststring        uartstdio.o
    0x00003911   0x00000003   PAD
    0x00003914   0x00000041   Data   RO          484    .conststring        main.o
    0x00003955   0x00000003   PAD
    0x00003958   0x00000020   Data   RO         1999    Region$$Table       anon$$obj.o


    Execution Region RW_IRAM (Base: 0x20000000, Size: 0x00000878, Max: 0x00008000, ABSOLUTE, COMPRESSED[0x00000304])

    Base Addr    Size         Type   Attr      Idx    E Section Name        Object

    0x20000000   0x000005f8   Data   RW           28    .data               lcd.o
    0x200005f8   0x00000002   Data   RW          163    .data               uart.o
    0x200005fa   0x00000002   PAD
    0x200005fc   0x00000008   Data   RW          248    .data               uartstdio.o
    0x20000604   0x00000005   Data   RW          407    .data               tm1638.o
    0x20000609   0x00000003   PAD
    0x2000060c   0x00000004   Data   RW         1966    .data               mc_w.l(errno.o)
    0x20000610   0x00000014   Zero   RW           26    .bss                lcd.o
    0x20000624   0x00000032   Zero   RW          161    .bss                uart.o
    0x20000656   0x0000001e   Zero   RW          405    .bss                tm1638.o
    0x20000674   0x00000004   PAD
    0x20000678   0x00000200   Zero   RW            1    STACK               startup_rvmdk.o


==============================================================================

Image component sizes


      Code (inc. data)   RO Data    RW Data    ZI Data      Debug   Object Name

      1604         90          0       1528         20      35477   lcd.o
       208         74         65          0          0        527   main.o
       544         36          0          0          0       4274   pcf8574.o
       632        622          0          0        512        240   startup_rvmdk.o
      2776        168         47          5         30       7261   tm1638.o
       360         70          0          2         50       2231   uart.o
       908         34         85          8          0       4996   uartstdio.o

    ----------------------------------------------------------------------
      7040       1094        236       1548        616      55006   Object Totals
         0          0         32          0          0          0   (incl. Generated)
         8          0          7          5          4          0   (incl. Padding)

    ----------------------------------------------------------------------

      Code (inc. data)   RO Data    RW Data    ZI Data      Debug   Library Member Name

        38          0          0          0          0        544   cpu.o
        32          8          0          0          0       4044   fpu.o
       316          8        120          0          0       3269   gpio.o
        20          0          0          0          0        981   interrupt.o
       450         30        452          0          0       3286   sysctl.o
        26          0          0          0          0       1565   uart.o
       164         44          0          0          0        620   dunder.o
        24          0          0          0          0        124   fabs.o
        48          0          0          0          0        124   fpclassify.o
       248          0          0          0          0        152   poly.o
      3128        302        136          0          0        356   pow.o
         0          0          8          0          0          0   qnan.o
       110          0          0          0          0        148   sqrt.o
        86          0          0          0          0          0   __dczerorl2.o
         0          0          0          0          0          0   entry.o
         0          0          0          0          0          0   entry10a.o
         0          0          0          0          0          0   entry11a.o
         8          4          0          0          0          0   entry2.o
         4          0          0          0          0          0   entry5.o
         0          0          0          0          0          0   entry7b.o
         0          0          0          0          0          0   entry8b.o
         8          4          0          0          0          0   entry9a.o
        12          6          0          4          0         68   errno.o
        30          0          0          0          0          0   handlers.o
        36          8          0          0          0         68   init.o
         0          0          0          0          0          0   iusefp.o
        30          0          0          0          0         68   llshl.o
        36          0          0          0          0         68   llsshr.o
        32          0          0          0          0         68   llushr.o
        36          0          0          0          0        108   memseta.o
       390         10          0          0          0        252   printf1.o
        24          0          0          0          0         68   strcat.o
        44          0          0          0          0         80   uidiv.o
        48          0          0          0          0         68   cdrcmple.o
       334          0          0          0          0        148   dadd.o
       222          0          0          0          0        100   ddiv.o
       186          0          0          0          0        176   depilogue.o
        62          0          0          0          0         80   dfixi.o
        34          0          0          0          0         76   dflti.o
       228          0          0          0          0         96   dmul.o
        46          0          0          0          0         80   dscalb.o
       162          0          0          0          0        100   dsqrt.o

    ----------------------------------------------------------------------
      6716        424        720          4          0      16985   Library Totals
        14          0          4          0          0          0   (incl. Padding)

    ----------------------------------------------------------------------

      Code (inc. data)   RO Data    RW Data    ZI Data      Debug   Library Name

       882         46        572          0          0      13689   driverlib-cm4f.lib
      3722        346        144          0          0       1524   m_wm.l
       776         32          0          4          0        848   mc_w.l
      1322          0          0          0          0        924   mf_w.l

    ----------------------------------------------------------------------
      6716        424        720          4          0      16985   Library Totals

    ----------------------------------------------------------------------

==============================================================================


      Code (inc. data)   RO Data    RW Data    ZI Data      Debug   

     13756       1518        956       1552        616      66591   Grand Totals
     13756       1518        956        772        616      66591   ELF Image Totals (compressed)
     13756       1518        956        772          0          0   ROM Totals

==============================================================================

    Total RO  Size (Code + RO Data)                14712 (  14.37kB)
    Total RW  Size (RW Data + ZI Data)              2168 (   2.12kB)
    Total ROM Size (Code + RO Data + RW Data)      15484 (  15.12kB)

==============================================================================

